Flow report for Processor
Thu Mar 09 12:07:31 2017
Quartus II 64-Bit Version 13.1.0 Build 162 10/23/2013 SJ Web Edition


---------------------
; Table of Contents ;
---------------------
  1. Legal Notice
  2. Flow Summary
  3. Flow Settings
  4. Flow Non-Default Global Settings
  5. Flow Elapsed Time
  6. Flow OS Summary
  7. Flow Log
  8. Flow Messages
  9. Flow Suppressed Messages



----------------
; Legal Notice ;
----------------
Copyright (C) 1991-2013 Altera Corporation
Your use of Altera Corporation's design tools, logic functions 
and other software and tools, and its AMPP partner logic 
functions, and any output files from any of the foregoing 
(including device programming or simulation files), and any 
associated documentation or information are expressly subject 
to the terms and conditions of the Altera Program License 
Subscription Agreement, Altera MegaCore Function License 
Agreement, or other applicable license agreement, including, 
without limitation, that your use is for the sole purpose of 
programming logic devices manufactured by Altera and sold by 
Altera or its authorized distributors.  Please refer to the 
applicable agreement for further details.



+---------------------------------------------------------------------------------+
; Flow Summary                                                                    ;
+------------------------------------+--------------------------------------------+
; Flow Status                        ; Successful - Thu Mar 09 12:07:31 2017      ;
; Quartus II 64-Bit Version          ; 13.1.0 Build 162 10/23/2013 SJ Web Edition ;
; Revision Name                      ; Processor                                  ;
; Top-level Entity Name              ; Top_Level_ModelSim_v                       ;
; Family                             ; Cyclone IV GX                              ;
; Total logic elements               ; 5,701 / 29,440 ( 19 % )                    ;
;     Total combinational functions  ; 3,625 / 29,440 ( 12 % )                    ;
;     Dedicated logic registers      ; 4,137 / 29,440 ( 14 % )                    ;
; Total registers                    ; 4137                                       ;
; Total pins                         ; 177 / 307 ( 58 % )                         ;
; Total virtual pins                 ; 0                                          ;
; Total memory bits                  ; 11,776 / 1,105,920 ( 1 % )                 ;
; Embedded Multiplier 9-bit elements ; 0 / 160 ( 0 % )                            ;
; Total GXB Receiver Channel PCS     ; 0 / 4 ( 0 % )                              ;
; Total GXB Receiver Channel PMA     ; 0 / 4 ( 0 % )                              ;
; Total GXB Transmitter Channel PCS  ; 0 / 4 ( 0 % )                              ;
; Total GXB Transmitter Channel PMA  ; 0 / 4 ( 0 % )                              ;
; Total PLLs                         ; 0 / 6 ( 0 % )                              ;
; Device                             ; EP4CGX30CF23C6                             ;
; Timing Models                      ; Final                                      ;
+------------------------------------+--------------------------------------------+


+-----------------------------------------+
; Flow Settings                           ;
+-------------------+---------------------+
; Option            ; Setting             ;
+-------------------+---------------------+
; Start date & time ; 03/09/2017 12:03:27 ;
; Main task         ; Compilation         ;
; Revision Name     ; Processor           ;
+-------------------+---------------------+


+---------------------------------------------------------------------------------------------------------------------------------------+
; Flow Non-Default Global Settings                                                                                                      ;
+--------------------------------------+--------------------------------+---------------+----------------------+------------------------+
; Assignment Name                      ; Value                          ; Default Value ; Entity Name          ; Section Id             ;
+--------------------------------------+--------------------------------+---------------+----------------------+------------------------+
; COMPILER_SIGNATURE_ID                ; 53214319930689.148907900700200 ; --            ; --                   ; --                     ;
; EDA_DESIGN_INSTANCE_NAME             ; NA                             ; --            ; --                   ; Top_Level_ModelSim_v_t ;
; EDA_NATIVELINK_SIMULATION_TEST_BENCH ; Top_Level_ModelSim_v_t         ; --            ; --                   ; eda_simulation         ;
; EDA_OUTPUT_DATA_FORMAT               ; Verilog Hdl                    ; --            ; --                   ; eda_simulation         ;
; EDA_SIMULATION_TOOL                  ; ModelSim-Altera (Verilog)      ; <None>        ; --                   ; --                     ;
; EDA_TEST_BENCH_ENABLE_STATUS         ; TEST_BENCH_MODE                ; --            ; --                   ; eda_simulation         ;
; EDA_TEST_BENCH_FILE                  ; Top_Level_ModelSim_v_t.v       ; --            ; --                   ; Top_Level_ModelSim_v_t ;
; EDA_TEST_BENCH_MODULE_NAME           ; Top_Level_ModelSim_v_t         ; --            ; --                   ; Top_Level_ModelSim_v_t ;
; EDA_TEST_BENCH_NAME                  ; Top_Level_ModelSim_v_t         ; --            ; --                   ; eda_simulation         ;
; EDA_TIME_SCALE                       ; 1 ps                           ; --            ; --                   ; eda_simulation         ;
; IP_TOOL_NAME                         ; RAM: 1-PORT                    ; --            ; --                   ; --                     ;
; IP_TOOL_NAME                         ; RAM: 1-PORT                    ; --            ; --                   ; --                     ;
; IP_TOOL_VERSION                      ; 13.0                           ; --            ; --                   ; --                     ;
; IP_TOOL_VERSION                      ; 13.0                           ; --            ; --                   ; --                     ;
; MISC_FILE                            ; RAM2_bb.v                      ; --            ; --                   ; --                     ;
; MISC_FILE                            ; RAM1_bb.v                      ; --            ; --                   ; --                     ;
; PARTITION_COLOR                      ; 16764057                       ; --            ; Top_Level_ModelSim_v ; Top                    ;
; PARTITION_FITTER_PRESERVATION_LEVEL  ; PLACEMENT_AND_ROUTING          ; --            ; Top_Level_ModelSim_v ; Top                    ;
; PARTITION_NETLIST_TYPE               ; SOURCE                         ; --            ; Top_Level_ModelSim_v ; Top                    ;
; TOP_LEVEL_ENTITY                     ; Top_Level_ModelSim_v           ; Processor     ; --                   ; --                     ;
+--------------------------------------+--------------------------------+---------------+----------------------+------------------------+


+-------------------------------------------------------------------------------------------------------------------------------+
; Flow Elapsed Time                                                                                                             ;
+---------------------------+--------------+-------------------------+---------------------+------------------------------------+
; Module Name               ; Elapsed Time ; Average Processors Used ; Peak Virtual Memory ; Total CPU Time (on all processors) ;
+---------------------------+--------------+-------------------------+---------------------+------------------------------------+
; Analysis & Synthesis      ; 00:00:17     ; 1.0                     ; 601 MB              ; 00:00:17                           ;
; Fitter                    ; 00:02:42     ; 1.0                     ; 1041 MB             ; 00:02:29                           ;
; Assembler                 ; 00:00:08     ; 1.0                     ; 552 MB              ; 00:00:07                           ;
; TimeQuest Timing Analyzer ; 00:00:20     ; 1.0                     ; 638 MB              ; 00:00:17                           ;
; EDA Netlist Writer        ; 00:00:15     ; 1.0                     ; 550 MB              ; 00:00:13                           ;
; Total                     ; 00:03:42     ; --                      ; --                  ; 00:03:23                           ;
+---------------------------+--------------+-------------------------+---------------------+------------------------------------+


+----------------------------------------------------------------------------------------+
; Flow OS Summary                                                                        ;
+---------------------------+------------------+-----------+------------+----------------+
; Module Name               ; Machine Hostname ; OS Name   ; OS Version ; Processor type ;
+---------------------------+------------------+-----------+------------+----------------+
; Analysis & Synthesis      ; LAPTOP-VI741MNF  ; Windows 7 ; 6.2        ; x86_64         ;
; Fitter                    ; LAPTOP-VI741MNF  ; Windows 7 ; 6.2        ; x86_64         ;
; Assembler                 ; LAPTOP-VI741MNF  ; Windows 7 ; 6.2        ; x86_64         ;
; TimeQuest Timing Analyzer ; LAPTOP-VI741MNF  ; Windows 7 ; 6.2        ; x86_64         ;
; EDA Netlist Writer        ; LAPTOP-VI741MNF  ; Windows 7 ; 6.2        ; x86_64         ;
+---------------------------+------------------+-----------+------------+----------------+


------------
; Flow Log ;
------------
quartus_map --read_settings_files=on --write_settings_files=off Processor -c Processor
quartus_fit --read_settings_files=off --write_settings_files=off Processor -c Processor
quartus_asm --read_settings_files=off --write_settings_files=off Processor -c Processor
quartus_sta Processor -c Processor
quartus_eda --read_settings_files=off --write_settings_files=off Processor -c Processor



