------------------------------------------------------------
TimeQuest Timing Analyzer Summary
------------------------------------------------------------

Type  : Slow 1200mV 85C Model Setup 'GPIO_Board:inst2|count[6]'
Slack : -1.556
TNS   : -22.855

Type  : Slow 1200mV 85C Model Setup 'CLOCK_50'
Slack : -1.439
TNS   : -15.446

Type  : Slow 1200mV 85C Model Hold 'CLOCK_50'
Slack : -1.046
TNS   : -5.976

Type  : Slow 1200mV 85C Model Hold 'GPIO_Board:inst2|count[6]'
Slack : 1.435
TNS   : 0.000

Type  : Slow 1200mV 85C Model Minimum Pulse Width 'CLOCK_50'
Slack : -3.000
TNS   : -20.000

Type  : Slow 1200mV 85C Model Minimum Pulse Width 'GPIO_Board:inst2|count[6]'
Slack : -1.000
TNS   : -16.000

Type  : Slow 1200mV 0C Model Setup 'GPIO_Board:inst2|count[6]'
Slack : -1.361
TNS   : -19.813

Type  : Slow 1200mV 0C Model Setup 'CLOCK_50'
Slack : -1.165
TNS   : -11.936

Type  : Slow 1200mV 0C Model Hold 'CLOCK_50'
Slack : -0.971
TNS   : -5.866

Type  : Slow 1200mV 0C Model Hold 'GPIO_Board:inst2|count[6]'
Slack : 1.368
TNS   : 0.000

Type  : Slow 1200mV 0C Model Minimum Pulse Width 'CLOCK_50'
Slack : -3.000
TNS   : -20.000

Type  : Slow 1200mV 0C Model Minimum Pulse Width 'GPIO_Board:inst2|count[6]'
Slack : -1.000
TNS   : -16.000

Type  : Fast 1200mV 0C Model Setup 'GPIO_Board:inst2|count[6]'
Slack : -0.441
TNS   : -6.055

Type  : Fast 1200mV 0C Model Setup 'CLOCK_50'
Slack : -0.359
TNS   : -2.094

Type  : Fast 1200mV 0C Model Hold 'CLOCK_50'
Slack : -0.668
TNS   : -4.223

Type  : Fast 1200mV 0C Model Hold 'GPIO_Board:inst2|count[6]'
Slack : 0.779
TNS   : 0.000

Type  : Fast 1200mV 0C Model Minimum Pulse Width 'CLOCK_50'
Slack : -3.000
TNS   : -20.951

Type  : Fast 1200mV 0C Model Minimum Pulse Width 'GPIO_Board:inst2|count[6]'
Slack : -1.000
TNS   : -16.000

------------------------------------------------------------
