Analysis & Synthesis report for Processor
Mon Mar 27 22:23:22 2017
Quartus II 64-Bit Version 13.1.0 Build 162 10/23/2013 SJ Web Edition


---------------------
; Table of Contents ;
---------------------
  1. Legal Notice
  2. Analysis & Synthesis Summary
  3. Analysis & Synthesis Settings
  4. Parallel Compilation
  5. Analysis & Synthesis Source Files Read
  6. Analysis & Synthesis Resource Usage Summary
  7. Analysis & Synthesis Resource Utilization by Entity
  8. Analysis & Synthesis RAM Summary
  9. Analysis & Synthesis IP Cores Summary
 10. User-Specified and Inferred Latches
 11. Registers Removed During Synthesis
 12. General Register Statistics
 13. Multiplexer Restructuring Statistics (Restructuring Performed)
 14. Source assignments for RAM1:b2v_inst3|altsyncram:altsyncram_component|altsyncram_96i1:auto_generated
 15. Parameter Settings for User Entity Instance: stack:b2v_inst
 16. Parameter Settings for User Entity Instance: RAM1:b2v_inst3|altsyncram:altsyncram_component
 17. altsyncram Parameter Settings by Entity Instance
 18. Port Connectivity Checks: "ALU_16bit_v:b2v_inst2|ALU_4bit_v:b2v_inst|FOURtoONE_MUX:b2v_inst34"
 19. Port Connectivity Checks: "ALU_16bit_v:b2v_inst2|ALU_4bit_v:b2v_inst|FOURtoONE_MUX:b2v_inst23"
 20. Port Connectivity Checks: "ALU_16bit_v:b2v_inst2|ALU_4bit_v:b2v_inst|FOURtoONE_MUX:b2v_inst11"
 21. Port Connectivity Checks: "ALU_16bit_v:b2v_inst2|ALU_4bit_v:b2v_inst|FOURtoONE_MUX:b2v_inst1"
 22. Port Connectivity Checks: "IR:b2v_inst14"
 23. Elapsed Time Per Partition
 24. Analysis & Synthesis Messages
 25. Analysis & Synthesis Suppressed Messages



----------------
; Legal Notice ;
----------------
Copyright (C) 1991-2013 Altera Corporation
Your use of Altera Corporation's design tools, logic functions 
and other software and tools, and its AMPP partner logic 
functions, and any output files from any of the foregoing 
(including device programming or simulation files), and any 
associated documentation or information are expressly subject 
to the terms and conditions of the Altera Program License 
Subscription Agreement, Altera MegaCore Function License 
Agreement, or other applicable license agreement, including, 
without limitation, that your use is for the sole purpose of 
programming logic devices manufactured by Altera and sold by 
Altera or its authorized distributors.  Please refer to the 
applicable agreement for further details.



+---------------------------------------------------------------------------------+
; Analysis & Synthesis Summary                                                    ;
+------------------------------------+--------------------------------------------+
; Analysis & Synthesis Status        ; Successful - Mon Mar 27 22:23:21 2017      ;
; Quartus II 64-Bit Version          ; 13.1.0 Build 162 10/23/2013 SJ Web Edition ;
; Revision Name                      ; Processor                                  ;
; Top-level Entity Name              ; Top_Level_ModelSim_v                       ;
; Family                             ; Cyclone IV GX                              ;
; Total logic elements               ; 7,719                                      ;
;     Total combinational functions  ; 3,639                                      ;
;     Dedicated logic registers      ; 4,120                                      ;
; Total registers                    ; 4120                                       ;
; Total pins                         ; 177                                        ;
; Total virtual pins                 ; 0                                          ;
; Total memory bits                  ; 8,192                                      ;
; Embedded Multiplier 9-bit elements ; 0                                          ;
; Total GXB Receiver Channel PCS     ; 0                                          ;
; Total GXB Receiver Channel PMA     ; 0                                          ;
; Total GXB Transmitter Channel PCS  ; 0                                          ;
; Total GXB Transmitter Channel PMA  ; 0                                          ;
; Total PLLs                         ; 0                                          ;
+------------------------------------+--------------------------------------------+


+------------------------------------------------------------------------------------------------------------------------+
; Analysis & Synthesis Settings                                                                                          ;
+----------------------------------------------------------------------------+----------------------+--------------------+
; Option                                                                     ; Setting              ; Default Value      ;
+----------------------------------------------------------------------------+----------------------+--------------------+
; Top-level entity name                                                      ; Top_Level_ModelSim_v ; Processor          ;
; Family name                                                                ; Cyclone IV GX        ; Cyclone IV GX      ;
; Use smart compilation                                                      ; Off                  ; Off                ;
; Enable parallel Assembler and TimeQuest Timing Analyzer during compilation ; On                   ; On                 ;
; Enable compact report table                                                ; Off                  ; Off                ;
; Restructure Multiplexers                                                   ; Auto                 ; Auto               ;
; Create Debugging Nodes for IP Cores                                        ; Off                  ; Off                ;
; Preserve fewer node names                                                  ; On                   ; On                 ;
; Disable OpenCore Plus hardware evaluation                                  ; Off                  ; Off                ;
; Verilog Version                                                            ; Verilog_2001         ; Verilog_2001       ;
; VHDL Version                                                               ; VHDL_1993            ; VHDL_1993          ;
; State Machine Processing                                                   ; Auto                 ; Auto               ;
; Safe State Machine                                                         ; Off                  ; Off                ;
; Extract Verilog State Machines                                             ; On                   ; On                 ;
; Extract VHDL State Machines                                                ; On                   ; On                 ;
; Ignore Verilog initial constructs                                          ; Off                  ; Off                ;
; Iteration limit for constant Verilog loops                                 ; 5000                 ; 5000               ;
; Iteration limit for non-constant Verilog loops                             ; 250                  ; 250                ;
; Add Pass-Through Logic to Inferred RAMs                                    ; On                   ; On                 ;
; Infer RAMs from Raw Logic                                                  ; On                   ; On                 ;
; Parallel Synthesis                                                         ; On                   ; On                 ;
; DSP Block Balancing                                                        ; Auto                 ; Auto               ;
; NOT Gate Push-Back                                                         ; On                   ; On                 ;
; Power-Up Don't Care                                                        ; On                   ; On                 ;
; Remove Redundant Logic Cells                                               ; Off                  ; Off                ;
; Remove Duplicate Registers                                                 ; On                   ; On                 ;
; Ignore CARRY Buffers                                                       ; Off                  ; Off                ;
; Ignore CASCADE Buffers                                                     ; Off                  ; Off                ;
; Ignore GLOBAL Buffers                                                      ; Off                  ; Off                ;
; Ignore ROW GLOBAL Buffers                                                  ; Off                  ; Off                ;
; Ignore LCELL Buffers                                                       ; Off                  ; Off                ;
; Ignore SOFT Buffers                                                        ; On                   ; On                 ;
; Limit AHDL Integers to 32 Bits                                             ; Off                  ; Off                ;
; Optimization Technique                                                     ; Balanced             ; Balanced           ;
; Carry Chain Length                                                         ; 70                   ; 70                 ;
; Auto Carry Chains                                                          ; On                   ; On                 ;
; Auto Open-Drain Pins                                                       ; On                   ; On                 ;
; Perform WYSIWYG Primitive Resynthesis                                      ; Off                  ; Off                ;
; Auto ROM Replacement                                                       ; On                   ; On                 ;
; Auto RAM Replacement                                                       ; On                   ; On                 ;
; Auto DSP Block Replacement                                                 ; On                   ; On                 ;
; Auto Shift Register Replacement                                            ; Auto                 ; Auto               ;
; Allow Shift Register Merging across Hierarchies                            ; Auto                 ; Auto               ;
; Auto Clock Enable Replacement                                              ; On                   ; On                 ;
; Strict RAM Replacement                                                     ; Off                  ; Off                ;
; Allow Synchronous Control Signals                                          ; On                   ; On                 ;
; Force Use of Synchronous Clear Signals                                     ; Off                  ; Off                ;
; Auto RAM Block Balancing                                                   ; On                   ; On                 ;
; Auto RAM to Logic Cell Conversion                                          ; Off                  ; Off                ;
; Auto Resource Sharing                                                      ; Off                  ; Off                ;
; Allow Any RAM Size For Recognition                                         ; Off                  ; Off                ;
; Allow Any ROM Size For Recognition                                         ; Off                  ; Off                ;
; Allow Any Shift Register Size For Recognition                              ; Off                  ; Off                ;
; Use LogicLock Constraints during Resource Balancing                        ; On                   ; On                 ;
; Ignore translate_off and synthesis_off directives                          ; Off                  ; Off                ;
; Timing-Driven Synthesis                                                    ; On                   ; On                 ;
; Report Parameter Settings                                                  ; On                   ; On                 ;
; Report Source Assignments                                                  ; On                   ; On                 ;
; Report Connectivity Checks                                                 ; On                   ; On                 ;
; Ignore Maximum Fan-Out Assignments                                         ; Off                  ; Off                ;
; Synchronization Register Chain Length                                      ; 2                    ; 2                  ;
; PowerPlay Power Optimization                                               ; Normal compilation   ; Normal compilation ;
; HDL message level                                                          ; Level2               ; Level2             ;
; Suppress Register Optimization Related Messages                            ; Off                  ; Off                ;
; Number of Removed Registers Reported in Synthesis Report                   ; 5000                 ; 5000               ;
; Number of Swept Nodes Reported in Synthesis Report                         ; 5000                 ; 5000               ;
; Number of Inverted Registers Reported in Synthesis Report                  ; 100                  ; 100                ;
; Clock MUX Protection                                                       ; On                   ; On                 ;
; Auto Gated Clock Conversion                                                ; Off                  ; Off                ;
; Block Design Naming                                                        ; Auto                 ; Auto               ;
; SDC constraint protection                                                  ; Off                  ; Off                ;
; Synthesis Effort                                                           ; Auto                 ; Auto               ;
; Shift Register Replacement - Allow Asynchronous Clear Signal               ; On                   ; On                 ;
; Pre-Mapping Resynthesis Optimization                                       ; Off                  ; Off                ;
; Analysis & Synthesis Message Level                                         ; Medium               ; Medium             ;
; Disable Register Merging Across Hierarchies                                ; Auto                 ; Auto               ;
; Resource Aware Inference For Block RAM                                     ; On                   ; On                 ;
; Synthesis Seed                                                             ; 1                    ; 1                  ;
+----------------------------------------------------------------------------+----------------------+--------------------+


Parallel compilation was disabled, but you have multiple processors available. Enable parallel compilation to reduce compilation time.
+-------------------------------------+
; Parallel Compilation                ;
+----------------------------+--------+
; Processors                 ; Number ;
+----------------------------+--------+
; Number detected on machine ; 4      ;
; Maximum allowed            ; 1      ;
+----------------------------+--------+


+--------------------------------------------------------------------------------------------------------------------------------------------------------------------------------+
; Analysis & Synthesis Source Files Read                                                                                                                                         ;
+----------------------------------+-----------------+------------------------------+----------------------------------------------------------------------------------+---------+
; File Name with User-Entered Path ; Used in Netlist ; File Type                    ; File Name with Absolute Path                                                     ; Library ;
+----------------------------------+-----------------+------------------------------+----------------------------------------------------------------------------------+---------+
; Top_Level_ModelSim_v.v           ; yes             ; User Verilog HDL File        ; C:/Users/lonni/OneDrive/Documents/New-Comp-Arch-Processor/Top_Level_ModelSim_v.v ;         ;
; RAM1.v                           ; yes             ; User Wizard-Generated File   ; C:/Users/lonni/OneDrive/Documents/New-Comp-Arch-Processor/RAM1.v                 ;         ;
; TWOtoONE_MUX.v                   ; yes             ; User Verilog HDL File        ; C:/Users/lonni/OneDrive/Documents/New-Comp-Arch-Processor/TWOtoONE_MUX.v         ;         ;
; rom_case.v                       ; yes             ; User Verilog HDL File        ; C:/Users/lonni/OneDrive/Documents/New-Comp-Arch-Processor/rom_case.v             ;         ;
; reg16bit.v                       ; yes             ; User Verilog HDL File        ; C:/Users/lonni/OneDrive/Documents/New-Comp-Arch-Processor/reg16bit.v             ;         ;
; PC.v                             ; yes             ; User Verilog HDL File        ; C:/Users/lonni/OneDrive/Documents/New-Comp-Arch-Processor/PC.v                   ;         ;
; mux3to8.v                        ; yes             ; User Verilog HDL File        ; C:/Users/lonni/OneDrive/Documents/New-Comp-Arch-Processor/mux3to8.v              ;         ;
; IR.v                             ; yes             ; User Verilog HDL File        ; C:/Users/lonni/OneDrive/Documents/New-Comp-Arch-Processor/IR.v                   ;         ;
; FOURtoONE_MUX.v                  ; yes             ; User Verilog HDL File        ; C:/Users/lonni/OneDrive/Documents/New-Comp-Arch-Processor/FOURtoONE_MUX.v        ;         ;
; decoder.v                        ; yes             ; User Verilog HDL File        ; C:/Users/lonni/OneDrive/Documents/New-Comp-Arch-Processor/decoder.v              ;         ;
; CarryLookaheadAdder.v            ; yes             ; User Verilog HDL File        ; C:/Users/lonni/OneDrive/Documents/New-Comp-Arch-Processor/CarryLookaheadAdder.v  ;         ;
; ALU_16bit_v.v                    ; yes             ; User Verilog HDL File        ; C:/Users/lonni/OneDrive/Documents/New-Comp-Arch-Processor/ALU_16bit_v.v          ;         ;
; ALU_4bit_v.v                     ; yes             ; User Verilog HDL File        ; C:/Users/lonni/OneDrive/Documents/New-Comp-Arch-Processor/ALU_4bit_v.v           ;         ;
; stack_mux.v                      ; yes             ; User Verilog HDL File        ; C:/Users/lonni/OneDrive/Documents/New-Comp-Arch-Processor/stack_mux.v            ;         ;
; stack.v                          ; yes             ; User Verilog HDL File        ; C:/Users/lonni/OneDrive/Documents/New-Comp-Arch-Processor/stack.v                ;         ;
; status.v                         ; yes             ; User Verilog HDL File        ; C:/Users/lonni/OneDrive/Documents/New-Comp-Arch-Processor/status.v               ;         ;
; altsyncram.tdf                   ; yes             ; Megafunction                 ; c:/altera/13.1/quartus/libraries/megafunctions/altsyncram.tdf                    ;         ;
; stratix_ram_block.inc            ; yes             ; Megafunction                 ; c:/altera/13.1/quartus/libraries/megafunctions/stratix_ram_block.inc             ;         ;
; lpm_mux.inc                      ; yes             ; Megafunction                 ; c:/altera/13.1/quartus/libraries/megafunctions/lpm_mux.inc                       ;         ;
; lpm_decode.inc                   ; yes             ; Megafunction                 ; c:/altera/13.1/quartus/libraries/megafunctions/lpm_decode.inc                    ;         ;
; aglobal131.inc                   ; yes             ; Megafunction                 ; c:/altera/13.1/quartus/libraries/megafunctions/aglobal131.inc                    ;         ;
; a_rdenreg.inc                    ; yes             ; Megafunction                 ; c:/altera/13.1/quartus/libraries/megafunctions/a_rdenreg.inc                     ;         ;
; altrom.inc                       ; yes             ; Megafunction                 ; c:/altera/13.1/quartus/libraries/megafunctions/altrom.inc                        ;         ;
; altram.inc                       ; yes             ; Megafunction                 ; c:/altera/13.1/quartus/libraries/megafunctions/altram.inc                        ;         ;
; altdpram.inc                     ; yes             ; Megafunction                 ; c:/altera/13.1/quartus/libraries/megafunctions/altdpram.inc                      ;         ;
; db/altsyncram_96i1.tdf           ; yes             ; Auto-Generated Megafunction  ; C:/Users/lonni/OneDrive/Documents/New-Comp-Arch-Processor/db/altsyncram_96i1.tdf ;         ;
; registerfile_v.v                 ; yes             ; Auto-Found Verilog HDL File  ; C:/Users/lonni/OneDrive/Documents/New-Comp-Arch-Processor/registerfile_v.v       ;         ;
+----------------------------------+-----------------+------------------------------+----------------------------------------------------------------------------------+---------+


+---------------------------------------------+
; Analysis & Synthesis Resource Usage Summary ;
+--------------------------+------------------+
; Resource                 ; Usage            ;
+--------------------------+------------------+
; I/O pins                 ; 177              ;
; Total memory bits        ; 8192             ;
; DSP block 9-bit elements ; 0                ;
; Maximum fan-out node     ; clock_50~input   ;
; Maximum fan-out          ; 4136             ;
; Total fan-out            ; 27252            ;
; Average fan-out          ; 3.35             ;
+--------------------------+------------------+


+----------------------------------------------------------------------------------------------------------------------------------------------------------------------------------------------------------------------------------------------------------------------------------------+
; Analysis & Synthesis Resource Utilization by Entity                                                                                                                                                                                                                                    ;
+-------------------------------------------+-------------------+--------------+-------------+--------------+---------+-----------+-----------+------+--------------+-----------------------------------------------------------------------------------------------------+--------------+
; Compilation Hierarchy Node                ; LC Combinationals ; LC Registers ; Memory Bits ; DSP Elements ; DSP 9x9 ; DSP 18x18 ; DSP 36x36 ; Pins ; Virtual Pins ; Full Hierarchy Name                                                                                 ; Library Name ;
+-------------------------------------------+-------------------+--------------+-------------+--------------+---------+-----------+-----------+------+--------------+-----------------------------------------------------------------------------------------------------+--------------+
; |Top_Level_ModelSim_v                     ; 3639 (237)        ; 4120 (0)     ; 8192        ; 0            ; 0       ; 0         ; 0         ; 177  ; 0            ; |Top_Level_ModelSim_v                                                                               ; work         ;
;    |ALU_16bit_v:b2v_inst2|                ; 108 (0)           ; 0 (0)        ; 0           ; 0            ; 0       ; 0         ; 0         ; 0    ; 0            ; |Top_Level_ModelSim_v|ALU_16bit_v:b2v_inst2                                                         ; work         ;
;       |ALU_4bit_v:b2v_inst1|              ; 31 (2)            ; 0 (0)        ; 0           ; 0            ; 0       ; 0         ; 0         ; 0    ; 0            ; |Top_Level_ModelSim_v|ALU_16bit_v:b2v_inst2|ALU_4bit_v:b2v_inst1                                    ; work         ;
;          |CarryLookaheadAdder:b2v_inst26| ; 1 (1)             ; 0 (0)        ; 0           ; 0            ; 0       ; 0         ; 0         ; 0    ; 0            ; |Top_Level_ModelSim_v|ALU_16bit_v:b2v_inst2|ALU_4bit_v:b2v_inst1|CarryLookaheadAdder:b2v_inst26     ; work         ;
;          |FOURtoONE_MUX:b2v_inst11|       ; 2 (2)             ; 0 (0)        ; 0           ; 0            ; 0       ; 0         ; 0         ; 0    ; 0            ; |Top_Level_ModelSim_v|ALU_16bit_v:b2v_inst2|ALU_4bit_v:b2v_inst1|FOURtoONE_MUX:b2v_inst11           ; work         ;
;          |FOURtoONE_MUX:b2v_inst1|        ; 1 (1)             ; 0 (0)        ; 0           ; 0            ; 0       ; 0         ; 0         ; 0    ; 0            ; |Top_Level_ModelSim_v|ALU_16bit_v:b2v_inst2|ALU_4bit_v:b2v_inst1|FOURtoONE_MUX:b2v_inst1            ; work         ;
;          |FOURtoONE_MUX:b2v_inst23|       ; 2 (2)             ; 0 (0)        ; 0           ; 0            ; 0       ; 0         ; 0         ; 0    ; 0            ; |Top_Level_ModelSim_v|ALU_16bit_v:b2v_inst2|ALU_4bit_v:b2v_inst1|FOURtoONE_MUX:b2v_inst23           ; work         ;
;          |FOURtoONE_MUX:b2v_inst34|       ; 2 (2)             ; 0 (0)        ; 0           ; 0            ; 0       ; 0         ; 0         ; 0    ; 0            ; |Top_Level_ModelSim_v|ALU_16bit_v:b2v_inst2|ALU_4bit_v:b2v_inst1|FOURtoONE_MUX:b2v_inst34           ; work         ;
;          |FOURtoONE_MUX:b2v_inst37|       ; 2 (2)             ; 0 (0)        ; 0           ; 0            ; 0       ; 0         ; 0         ; 0    ; 0            ; |Top_Level_ModelSim_v|ALU_16bit_v:b2v_inst2|ALU_4bit_v:b2v_inst1|FOURtoONE_MUX:b2v_inst37           ; work         ;
;          |FOURtoONE_MUX:b2v_inst38|       ; 2 (2)             ; 0 (0)        ; 0           ; 0            ; 0       ; 0         ; 0         ; 0    ; 0            ; |Top_Level_ModelSim_v|ALU_16bit_v:b2v_inst2|ALU_4bit_v:b2v_inst1|FOURtoONE_MUX:b2v_inst38           ; work         ;
;          |FOURtoONE_MUX:b2v_inst39|       ; 2 (2)             ; 0 (0)        ; 0           ; 0            ; 0       ; 0         ; 0         ; 0    ; 0            ; |Top_Level_ModelSim_v|ALU_16bit_v:b2v_inst2|ALU_4bit_v:b2v_inst1|FOURtoONE_MUX:b2v_inst39           ; work         ;
;          |FOURtoONE_MUX:b2v_inst|         ; 2 (2)             ; 0 (0)        ; 0           ; 0            ; 0       ; 0         ; 0         ; 0    ; 0            ; |Top_Level_ModelSim_v|ALU_16bit_v:b2v_inst2|ALU_4bit_v:b2v_inst1|FOURtoONE_MUX:b2v_inst             ; work         ;
;          |TWOtoONE_MUX:b2v_inst13|        ; 1 (1)             ; 0 (0)        ; 0           ; 0            ; 0       ; 0         ; 0         ; 0    ; 0            ; |Top_Level_ModelSim_v|ALU_16bit_v:b2v_inst2|ALU_4bit_v:b2v_inst1|TWOtoONE_MUX:b2v_inst13            ; work         ;
;          |TWOtoONE_MUX:b2v_inst17|        ; 1 (1)             ; 0 (0)        ; 0           ; 0            ; 0       ; 0         ; 0         ; 0    ; 0            ; |Top_Level_ModelSim_v|ALU_16bit_v:b2v_inst2|ALU_4bit_v:b2v_inst1|TWOtoONE_MUX:b2v_inst17            ; work         ;
;          |TWOtoONE_MUX:b2v_inst2|         ; 1 (1)             ; 0 (0)        ; 0           ; 0            ; 0       ; 0         ; 0         ; 0    ; 0            ; |Top_Level_ModelSim_v|ALU_16bit_v:b2v_inst2|ALU_4bit_v:b2v_inst1|TWOtoONE_MUX:b2v_inst2             ; work         ;
;          |TWOtoONE_MUX:b2v_inst35|        ; 1 (1)             ; 0 (0)        ; 0           ; 0            ; 0       ; 0         ; 0         ; 0    ; 0            ; |Top_Level_ModelSim_v|ALU_16bit_v:b2v_inst2|ALU_4bit_v:b2v_inst1|TWOtoONE_MUX:b2v_inst35            ; work         ;
;          |TWOtoONE_MUX:b2v_inst42|        ; 6 (6)             ; 0 (0)        ; 0           ; 0            ; 0       ; 0         ; 0         ; 0    ; 0            ; |Top_Level_ModelSim_v|ALU_16bit_v:b2v_inst2|ALU_4bit_v:b2v_inst1|TWOtoONE_MUX:b2v_inst42            ; work         ;
;          |or5_0:b2v_inst68|               ; 3 (3)             ; 0 (0)        ; 0           ; 0            ; 0       ; 0         ; 0         ; 0    ; 0            ; |Top_Level_ModelSim_v|ALU_16bit_v:b2v_inst2|ALU_4bit_v:b2v_inst1|or5_0:b2v_inst68                   ; work         ;
;       |ALU_4bit_v:b2v_inst2|              ; 27 (1)            ; 0 (0)        ; 0           ; 0            ; 0       ; 0         ; 0         ; 0    ; 0            ; |Top_Level_ModelSim_v|ALU_16bit_v:b2v_inst2|ALU_4bit_v:b2v_inst2                                    ; work         ;
;          |CarryLookaheadAdder:b2v_inst26| ; 1 (1)             ; 0 (0)        ; 0           ; 0            ; 0       ; 0         ; 0         ; 0    ; 0            ; |Top_Level_ModelSim_v|ALU_16bit_v:b2v_inst2|ALU_4bit_v:b2v_inst2|CarryLookaheadAdder:b2v_inst26     ; work         ;
;          |CarryLookaheadAdder:b2v_inst4|  ; 1 (1)             ; 0 (0)        ; 0           ; 0            ; 0       ; 0         ; 0         ; 0    ; 0            ; |Top_Level_ModelSim_v|ALU_16bit_v:b2v_inst2|ALU_4bit_v:b2v_inst2|CarryLookaheadAdder:b2v_inst4      ; work         ;
;          |FOURtoONE_MUX:b2v_inst11|       ; 1 (1)             ; 0 (0)        ; 0           ; 0            ; 0       ; 0         ; 0         ; 0    ; 0            ; |Top_Level_ModelSim_v|ALU_16bit_v:b2v_inst2|ALU_4bit_v:b2v_inst2|FOURtoONE_MUX:b2v_inst11           ; work         ;
;          |FOURtoONE_MUX:b2v_inst1|        ; 1 (1)             ; 0 (0)        ; 0           ; 0            ; 0       ; 0         ; 0         ; 0    ; 0            ; |Top_Level_ModelSim_v|ALU_16bit_v:b2v_inst2|ALU_4bit_v:b2v_inst2|FOURtoONE_MUX:b2v_inst1            ; work         ;
;          |FOURtoONE_MUX:b2v_inst23|       ; 1 (1)             ; 0 (0)        ; 0           ; 0            ; 0       ; 0         ; 0         ; 0    ; 0            ; |Top_Level_ModelSim_v|ALU_16bit_v:b2v_inst2|ALU_4bit_v:b2v_inst2|FOURtoONE_MUX:b2v_inst23           ; work         ;
;          |FOURtoONE_MUX:b2v_inst34|       ; 1 (1)             ; 0 (0)        ; 0           ; 0            ; 0       ; 0         ; 0         ; 0    ; 0            ; |Top_Level_ModelSim_v|ALU_16bit_v:b2v_inst2|ALU_4bit_v:b2v_inst2|FOURtoONE_MUX:b2v_inst34           ; work         ;
;          |FOURtoONE_MUX:b2v_inst37|       ; 2 (2)             ; 0 (0)        ; 0           ; 0            ; 0       ; 0         ; 0         ; 0    ; 0            ; |Top_Level_ModelSim_v|ALU_16bit_v:b2v_inst2|ALU_4bit_v:b2v_inst2|FOURtoONE_MUX:b2v_inst37           ; work         ;
;          |FOURtoONE_MUX:b2v_inst38|       ; 2 (2)             ; 0 (0)        ; 0           ; 0            ; 0       ; 0         ; 0         ; 0    ; 0            ; |Top_Level_ModelSim_v|ALU_16bit_v:b2v_inst2|ALU_4bit_v:b2v_inst2|FOURtoONE_MUX:b2v_inst38           ; work         ;
;          |FOURtoONE_MUX:b2v_inst39|       ; 2 (2)             ; 0 (0)        ; 0           ; 0            ; 0       ; 0         ; 0         ; 0    ; 0            ; |Top_Level_ModelSim_v|ALU_16bit_v:b2v_inst2|ALU_4bit_v:b2v_inst2|FOURtoONE_MUX:b2v_inst39           ; work         ;
;          |FOURtoONE_MUX:b2v_inst|         ; 2 (2)             ; 0 (0)        ; 0           ; 0            ; 0       ; 0         ; 0         ; 0    ; 0            ; |Top_Level_ModelSim_v|ALU_16bit_v:b2v_inst2|ALU_4bit_v:b2v_inst2|FOURtoONE_MUX:b2v_inst             ; work         ;
;          |TWOtoONE_MUX:b2v_inst13|        ; 1 (1)             ; 0 (0)        ; 0           ; 0            ; 0       ; 0         ; 0         ; 0    ; 0            ; |Top_Level_ModelSim_v|ALU_16bit_v:b2v_inst2|ALU_4bit_v:b2v_inst2|TWOtoONE_MUX:b2v_inst13            ; work         ;
;          |TWOtoONE_MUX:b2v_inst17|        ; 3 (3)             ; 0 (0)        ; 0           ; 0            ; 0       ; 0         ; 0         ; 0    ; 0            ; |Top_Level_ModelSim_v|ALU_16bit_v:b2v_inst2|ALU_4bit_v:b2v_inst2|TWOtoONE_MUX:b2v_inst17            ; work         ;
;          |TWOtoONE_MUX:b2v_inst35|        ; 1 (1)             ; 0 (0)        ; 0           ; 0            ; 0       ; 0         ; 0         ; 0    ; 0            ; |Top_Level_ModelSim_v|ALU_16bit_v:b2v_inst2|ALU_4bit_v:b2v_inst2|TWOtoONE_MUX:b2v_inst35            ; work         ;
;          |TWOtoONE_MUX:b2v_inst42|        ; 4 (4)             ; 0 (0)        ; 0           ; 0            ; 0       ; 0         ; 0         ; 0    ; 0            ; |Top_Level_ModelSim_v|ALU_16bit_v:b2v_inst2|ALU_4bit_v:b2v_inst2|TWOtoONE_MUX:b2v_inst42            ; work         ;
;          |or5_0:b2v_inst68|               ; 3 (3)             ; 0 (0)        ; 0           ; 0            ; 0       ; 0         ; 0         ; 0    ; 0            ; |Top_Level_ModelSim_v|ALU_16bit_v:b2v_inst2|ALU_4bit_v:b2v_inst2|or5_0:b2v_inst68                   ; work         ;
;       |ALU_4bit_v:b2v_inst3|              ; 24 (1)            ; 0 (0)        ; 0           ; 0            ; 0       ; 0         ; 0         ; 0    ; 0            ; |Top_Level_ModelSim_v|ALU_16bit_v:b2v_inst2|ALU_4bit_v:b2v_inst3                                    ; work         ;
;          |CarryLookaheadAdder:b2v_inst4|  ; 1 (1)             ; 0 (0)        ; 0           ; 0            ; 0       ; 0         ; 0         ; 0    ; 0            ; |Top_Level_ModelSim_v|ALU_16bit_v:b2v_inst2|ALU_4bit_v:b2v_inst3|CarryLookaheadAdder:b2v_inst4      ; work         ;
;          |FOURtoONE_MUX:b2v_inst11|       ; 1 (1)             ; 0 (0)        ; 0           ; 0            ; 0       ; 0         ; 0         ; 0    ; 0            ; |Top_Level_ModelSim_v|ALU_16bit_v:b2v_inst2|ALU_4bit_v:b2v_inst3|FOURtoONE_MUX:b2v_inst11           ; work         ;
;          |FOURtoONE_MUX:b2v_inst1|        ; 1 (1)             ; 0 (0)        ; 0           ; 0            ; 0       ; 0         ; 0         ; 0    ; 0            ; |Top_Level_ModelSim_v|ALU_16bit_v:b2v_inst2|ALU_4bit_v:b2v_inst3|FOURtoONE_MUX:b2v_inst1            ; work         ;
;          |FOURtoONE_MUX:b2v_inst23|       ; 1 (1)             ; 0 (0)        ; 0           ; 0            ; 0       ; 0         ; 0         ; 0    ; 0            ; |Top_Level_ModelSim_v|ALU_16bit_v:b2v_inst2|ALU_4bit_v:b2v_inst3|FOURtoONE_MUX:b2v_inst23           ; work         ;
;          |FOURtoONE_MUX:b2v_inst34|       ; 1 (1)             ; 0 (0)        ; 0           ; 0            ; 0       ; 0         ; 0         ; 0    ; 0            ; |Top_Level_ModelSim_v|ALU_16bit_v:b2v_inst2|ALU_4bit_v:b2v_inst3|FOURtoONE_MUX:b2v_inst34           ; work         ;
;          |FOURtoONE_MUX:b2v_inst37|       ; 2 (2)             ; 0 (0)        ; 0           ; 0            ; 0       ; 0         ; 0         ; 0    ; 0            ; |Top_Level_ModelSim_v|ALU_16bit_v:b2v_inst2|ALU_4bit_v:b2v_inst3|FOURtoONE_MUX:b2v_inst37           ; work         ;
;          |FOURtoONE_MUX:b2v_inst38|       ; 2 (2)             ; 0 (0)        ; 0           ; 0            ; 0       ; 0         ; 0         ; 0    ; 0            ; |Top_Level_ModelSim_v|ALU_16bit_v:b2v_inst2|ALU_4bit_v:b2v_inst3|FOURtoONE_MUX:b2v_inst38           ; work         ;
;          |FOURtoONE_MUX:b2v_inst39|       ; 2 (2)             ; 0 (0)        ; 0           ; 0            ; 0       ; 0         ; 0         ; 0    ; 0            ; |Top_Level_ModelSim_v|ALU_16bit_v:b2v_inst2|ALU_4bit_v:b2v_inst3|FOURtoONE_MUX:b2v_inst39           ; work         ;
;          |FOURtoONE_MUX:b2v_inst|         ; 2 (2)             ; 0 (0)        ; 0           ; 0            ; 0       ; 0         ; 0         ; 0    ; 0            ; |Top_Level_ModelSim_v|ALU_16bit_v:b2v_inst2|ALU_4bit_v:b2v_inst3|FOURtoONE_MUX:b2v_inst             ; work         ;
;          |TWOtoONE_MUX:b2v_inst13|        ; 1 (1)             ; 0 (0)        ; 0           ; 0            ; 0       ; 0         ; 0         ; 0    ; 0            ; |Top_Level_ModelSim_v|ALU_16bit_v:b2v_inst2|ALU_4bit_v:b2v_inst3|TWOtoONE_MUX:b2v_inst13            ; work         ;
;          |TWOtoONE_MUX:b2v_inst17|        ; 1 (1)             ; 0 (0)        ; 0           ; 0            ; 0       ; 0         ; 0         ; 0    ; 0            ; |Top_Level_ModelSim_v|ALU_16bit_v:b2v_inst2|ALU_4bit_v:b2v_inst3|TWOtoONE_MUX:b2v_inst17            ; work         ;
;          |TWOtoONE_MUX:b2v_inst24|        ; 1 (1)             ; 0 (0)        ; 0           ; 0            ; 0       ; 0         ; 0         ; 0    ; 0            ; |Top_Level_ModelSim_v|ALU_16bit_v:b2v_inst2|ALU_4bit_v:b2v_inst3|TWOtoONE_MUX:b2v_inst24            ; work         ;
;          |TWOtoONE_MUX:b2v_inst35|        ; 1 (1)             ; 0 (0)        ; 0           ; 0            ; 0       ; 0         ; 0         ; 0    ; 0            ; |Top_Level_ModelSim_v|ALU_16bit_v:b2v_inst2|ALU_4bit_v:b2v_inst3|TWOtoONE_MUX:b2v_inst35            ; work         ;
;          |TWOtoONE_MUX:b2v_inst42|        ; 4 (4)             ; 0 (0)        ; 0           ; 0            ; 0       ; 0         ; 0         ; 0    ; 0            ; |Top_Level_ModelSim_v|ALU_16bit_v:b2v_inst2|ALU_4bit_v:b2v_inst3|TWOtoONE_MUX:b2v_inst42            ; work         ;
;          |or5_0:b2v_inst68|               ; 2 (2)             ; 0 (0)        ; 0           ; 0            ; 0       ; 0         ; 0         ; 0    ; 0            ; |Top_Level_ModelSim_v|ALU_16bit_v:b2v_inst2|ALU_4bit_v:b2v_inst3|or5_0:b2v_inst68                   ; work         ;
;       |ALU_4bit_v:b2v_inst|               ; 26 (1)            ; 0 (0)        ; 0           ; 0            ; 0       ; 0         ; 0         ; 0    ; 0            ; |Top_Level_ModelSim_v|ALU_16bit_v:b2v_inst2|ALU_4bit_v:b2v_inst                                     ; work         ;
;          |CarryLookaheadAdder:b2v_inst15| ; 1 (1)             ; 0 (0)        ; 0           ; 0            ; 0       ; 0         ; 0         ; 0    ; 0            ; |Top_Level_ModelSim_v|ALU_16bit_v:b2v_inst2|ALU_4bit_v:b2v_inst|CarryLookaheadAdder:b2v_inst15      ; work         ;
;          |CarryLookaheadAdder:b2v_inst4|  ; 1 (1)             ; 0 (0)        ; 0           ; 0            ; 0       ; 0         ; 0         ; 0    ; 0            ; |Top_Level_ModelSim_v|ALU_16bit_v:b2v_inst2|ALU_4bit_v:b2v_inst|CarryLookaheadAdder:b2v_inst4       ; work         ;
;          |FOURtoONE_MUX:b2v_inst11|       ; 1 (1)             ; 0 (0)        ; 0           ; 0            ; 0       ; 0         ; 0         ; 0    ; 0            ; |Top_Level_ModelSim_v|ALU_16bit_v:b2v_inst2|ALU_4bit_v:b2v_inst|FOURtoONE_MUX:b2v_inst11            ; work         ;
;          |FOURtoONE_MUX:b2v_inst1|        ; 1 (1)             ; 0 (0)        ; 0           ; 0            ; 0       ; 0         ; 0         ; 0    ; 0            ; |Top_Level_ModelSim_v|ALU_16bit_v:b2v_inst2|ALU_4bit_v:b2v_inst|FOURtoONE_MUX:b2v_inst1             ; work         ;
;          |FOURtoONE_MUX:b2v_inst23|       ; 1 (1)             ; 0 (0)        ; 0           ; 0            ; 0       ; 0         ; 0         ; 0    ; 0            ; |Top_Level_ModelSim_v|ALU_16bit_v:b2v_inst2|ALU_4bit_v:b2v_inst|FOURtoONE_MUX:b2v_inst23            ; work         ;
;          |FOURtoONE_MUX:b2v_inst34|       ; 1 (1)             ; 0 (0)        ; 0           ; 0            ; 0       ; 0         ; 0         ; 0    ; 0            ; |Top_Level_ModelSim_v|ALU_16bit_v:b2v_inst2|ALU_4bit_v:b2v_inst|FOURtoONE_MUX:b2v_inst34            ; work         ;
;          |FOURtoONE_MUX:b2v_inst37|       ; 2 (2)             ; 0 (0)        ; 0           ; 0            ; 0       ; 0         ; 0         ; 0    ; 0            ; |Top_Level_ModelSim_v|ALU_16bit_v:b2v_inst2|ALU_4bit_v:b2v_inst|FOURtoONE_MUX:b2v_inst37            ; work         ;
;          |FOURtoONE_MUX:b2v_inst38|       ; 2 (2)             ; 0 (0)        ; 0           ; 0            ; 0       ; 0         ; 0         ; 0    ; 0            ; |Top_Level_ModelSim_v|ALU_16bit_v:b2v_inst2|ALU_4bit_v:b2v_inst|FOURtoONE_MUX:b2v_inst38            ; work         ;
;          |FOURtoONE_MUX:b2v_inst39|       ; 2 (2)             ; 0 (0)        ; 0           ; 0            ; 0       ; 0         ; 0         ; 0    ; 0            ; |Top_Level_ModelSim_v|ALU_16bit_v:b2v_inst2|ALU_4bit_v:b2v_inst|FOURtoONE_MUX:b2v_inst39            ; work         ;
;          |FOURtoONE_MUX:b2v_inst|         ; 2 (2)             ; 0 (0)        ; 0           ; 0            ; 0       ; 0         ; 0         ; 0    ; 0            ; |Top_Level_ModelSim_v|ALU_16bit_v:b2v_inst2|ALU_4bit_v:b2v_inst|FOURtoONE_MUX:b2v_inst              ; work         ;
;          |TWOtoONE_MUX:b2v_inst13|        ; 1 (1)             ; 0 (0)        ; 0           ; 0            ; 0       ; 0         ; 0         ; 0    ; 0            ; |Top_Level_ModelSim_v|ALU_16bit_v:b2v_inst2|ALU_4bit_v:b2v_inst|TWOtoONE_MUX:b2v_inst13             ; work         ;
;          |TWOtoONE_MUX:b2v_inst2|         ; 1 (1)             ; 0 (0)        ; 0           ; 0            ; 0       ; 0         ; 0         ; 0    ; 0            ; |Top_Level_ModelSim_v|ALU_16bit_v:b2v_inst2|ALU_4bit_v:b2v_inst|TWOtoONE_MUX:b2v_inst2              ; work         ;
;          |TWOtoONE_MUX:b2v_inst42|        ; 9 (9)             ; 0 (0)        ; 0           ; 0            ; 0       ; 0         ; 0         ; 0    ; 0            ; |Top_Level_ModelSim_v|ALU_16bit_v:b2v_inst2|ALU_4bit_v:b2v_inst|TWOtoONE_MUX:b2v_inst42             ; work         ;
;    |PC:b2v_inst5|                         ; 33 (33)           ; 16 (16)      ; 0           ; 0            ; 0       ; 0         ; 0         ; 0    ; 0            ; |Top_Level_ModelSim_v|PC:b2v_inst5                                                                  ; work         ;
;    |RAM1:b2v_inst3|                       ; 0 (0)             ; 0 (0)        ; 8192        ; 0            ; 0       ; 0         ; 0         ; 0    ; 0            ; |Top_Level_ModelSim_v|RAM1:b2v_inst3                                                                ; work         ;
;       |altsyncram:altsyncram_component|   ; 0 (0)             ; 0 (0)        ; 8192        ; 0            ; 0       ; 0         ; 0         ; 0    ; 0            ; |Top_Level_ModelSim_v|RAM1:b2v_inst3|altsyncram:altsyncram_component                                ; work         ;
;          |altsyncram_96i1:auto_generated| ; 0 (0)             ; 0 (0)        ; 8192        ; 0            ; 0       ; 0         ; 0         ; 0    ; 0            ; |Top_Level_ModelSim_v|RAM1:b2v_inst3|altsyncram:altsyncram_component|altsyncram_96i1:auto_generated ; work         ;
;    |RegisterFile_v:b2v_inst4|             ; 216 (8)           ; 0 (0)        ; 0           ; 0            ; 0       ; 0         ; 0         ; 0    ; 0            ; |Top_Level_ModelSim_v|RegisterFile_v:b2v_inst4                                                      ; work         ;
;       |mux3to8:b2v_inst2|                 ; 80 (80)           ; 0 (0)        ; 0           ; 0            ; 0       ; 0         ; 0         ; 0    ; 0            ; |Top_Level_ModelSim_v|RegisterFile_v:b2v_inst4|mux3to8:b2v_inst2                                    ; work         ;
;       |reg16bit:b2v_inst1|                ; 16 (16)           ; 0 (0)        ; 0           ; 0            ; 0       ; 0         ; 0         ; 0    ; 0            ; |Top_Level_ModelSim_v|RegisterFile_v:b2v_inst4|reg16bit:b2v_inst1                                   ; work         ;
;       |reg16bit:b2v_inst3|                ; 16 (16)           ; 0 (0)        ; 0           ; 0            ; 0       ; 0         ; 0         ; 0    ; 0            ; |Top_Level_ModelSim_v|RegisterFile_v:b2v_inst4|reg16bit:b2v_inst3                                   ; work         ;
;       |reg16bit:b2v_inst4|                ; 16 (16)           ; 0 (0)        ; 0           ; 0            ; 0       ; 0         ; 0         ; 0    ; 0            ; |Top_Level_ModelSim_v|RegisterFile_v:b2v_inst4|reg16bit:b2v_inst4                                   ; work         ;
;       |reg16bit:b2v_inst5|                ; 16 (16)           ; 0 (0)        ; 0           ; 0            ; 0       ; 0         ; 0         ; 0    ; 0            ; |Top_Level_ModelSim_v|RegisterFile_v:b2v_inst4|reg16bit:b2v_inst5                                   ; work         ;
;       |reg16bit:b2v_inst6|                ; 16 (16)           ; 0 (0)        ; 0           ; 0            ; 0       ; 0         ; 0         ; 0    ; 0            ; |Top_Level_ModelSim_v|RegisterFile_v:b2v_inst4|reg16bit:b2v_inst6                                   ; work         ;
;       |reg16bit:b2v_inst7|                ; 16 (16)           ; 0 (0)        ; 0           ; 0            ; 0       ; 0         ; 0         ; 0    ; 0            ; |Top_Level_ModelSim_v|RegisterFile_v:b2v_inst4|reg16bit:b2v_inst7                                   ; work         ;
;       |reg16bit:b2v_inst8|                ; 16 (16)           ; 0 (0)        ; 0           ; 0            ; 0       ; 0         ; 0         ; 0    ; 0            ; |Top_Level_ModelSim_v|RegisterFile_v:b2v_inst4|reg16bit:b2v_inst8                                   ; work         ;
;       |reg16bit:b2v_inst9|                ; 16 (16)           ; 0 (0)        ; 0           ; 0            ; 0       ; 0         ; 0         ; 0    ; 0            ; |Top_Level_ModelSim_v|RegisterFile_v:b2v_inst4|reg16bit:b2v_inst9                                   ; work         ;
;    |rom_case:b2v_inst15|                  ; 16 (16)           ; 0 (0)        ; 0           ; 0            ; 0       ; 0         ; 0         ; 0    ; 0            ; |Top_Level_ModelSim_v|rom_case:b2v_inst15                                                           ; work         ;
;    |stack:b2v_inst|                       ; 3023 (3023)       ; 4104 (4104)  ; 0           ; 0            ; 0       ; 0         ; 0         ; 0    ; 0            ; |Top_Level_ModelSim_v|stack:b2v_inst                                                                ; work         ;
;    |status:b2v_inst10|                    ; 6 (6)             ; 0 (0)        ; 0           ; 0            ; 0       ; 0         ; 0         ; 0    ; 0            ; |Top_Level_ModelSim_v|status:b2v_inst10                                                             ; work         ;
+-------------------------------------------+-------------------+--------------+-------------+--------------+---------+-----------+-----------+------+--------------+-----------------------------------------------------------------------------------------------------+--------------+
Note: For table entries with two numbers listed, the numbers in parentheses indicate the number of resources of the given type used by the specific entity alone. The numbers listed outside of parentheses indicate the total resources of the given type used by the specific entity and all of its sub-entities in the hierarchy.


+-----------------------------------------------------------------------------------------------------------------------------------------------------------------------------------------+
; Analysis & Synthesis RAM Summary                                                                                                                                                        ;
+------------------------------------------------------------------------------------------+------+-------------+--------------+--------------+--------------+--------------+------+------+
; Name                                                                                     ; Type ; Mode        ; Port A Depth ; Port A Width ; Port B Depth ; Port B Width ; Size ; MIF  ;
+------------------------------------------------------------------------------------------+------+-------------+--------------+--------------+--------------+--------------+------+------+
; RAM1:b2v_inst3|altsyncram:altsyncram_component|altsyncram_96i1:auto_generated|ALTSYNCRAM ; M9K  ; Single Port ; 512          ; 16           ; --           ; --           ; 8192 ; None ;
+------------------------------------------------------------------------------------------+------+-------------+--------------+--------------+--------------+--------------+------+------+


+-------------------------------------------------------------------------------------------------------------------------------------------------------------------------+
; Analysis & Synthesis IP Cores Summary                                                                                                                                   ;
+--------+--------------+---------+--------------+--------------+--------------------------------------+------------------------------------------------------------------+
; Vendor ; IP Core Name ; Version ; Release Date ; License Type ; Entity Instance                      ; IP Include File                                                  ;
+--------+--------------+---------+--------------+--------------+--------------------------------------+------------------------------------------------------------------+
; Altera ; RAM: 1-PORT  ; N/A     ; N/A          ; N/A          ; |Top_Level_ModelSim_v|RAM1:b2v_inst3 ; C:/Users/lonni/OneDrive/Documents/New-Comp-Arch-Processor/RAM1.v ;
+--------+--------------+---------+--------------+--------------+--------------------------------------+------------------------------------------------------------------+


+------------------------------------------------------------------------------------------------------------------------------+
; User-Specified and Inferred Latches                                                                                          ;
+------------------------------------------------------+----------------------------------------------+------------------------+
; Latch Name                                           ; Latch Enable Signal                          ; Free of Timing Hazards ;
+------------------------------------------------------+----------------------------------------------+------------------------+
; RegisterFile_v:b2v_inst4|reg16bit:b2v_inst4|out[15]  ; RegisterFile_v:b2v_inst4|SYNTHESIZED_WIRE_26 ; yes                    ;
; RegisterFile_v:b2v_inst4|reg16bit:b2v_inst3|out[15]  ; RegisterFile_v:b2v_inst4|SYNTHESIZED_WIRE_25 ; yes                    ;
; RegisterFile_v:b2v_inst4|reg16bit:b2v_inst1|out[15]  ; RegisterFile_v:b2v_inst4|SYNTHESIZED_WIRE_0  ; yes                    ;
; RegisterFile_v:b2v_inst4|reg16bit:b2v_inst5|out[15]  ; RegisterFile_v:b2v_inst4|SYNTHESIZED_WIRE_27 ; yes                    ;
; RegisterFile_v:b2v_inst4|reg16bit:b2v_inst7|out[15]  ; RegisterFile_v:b2v_inst4|SYNTHESIZED_WIRE_29 ; yes                    ;
; RegisterFile_v:b2v_inst4|reg16bit:b2v_inst8|out[15]  ; RegisterFile_v:b2v_inst4|SYNTHESIZED_WIRE_30 ; yes                    ;
; RegisterFile_v:b2v_inst4|reg16bit:b2v_inst6|out[15]  ; RegisterFile_v:b2v_inst4|SYNTHESIZED_WIRE_28 ; yes                    ;
; RegisterFile_v:b2v_inst4|reg16bit:b2v_inst9|out[15]  ; RegisterFile_v:b2v_inst4|SYNTHESIZED_WIRE_31 ; yes                    ;
; RegisterFile_v:b2v_inst4|reg16bit:b2v_inst4|out[14]  ; RegisterFile_v:b2v_inst4|SYNTHESIZED_WIRE_26 ; yes                    ;
; RegisterFile_v:b2v_inst4|reg16bit:b2v_inst3|out[14]  ; RegisterFile_v:b2v_inst4|SYNTHESIZED_WIRE_25 ; yes                    ;
; RegisterFile_v:b2v_inst4|reg16bit:b2v_inst1|out[14]  ; RegisterFile_v:b2v_inst4|SYNTHESIZED_WIRE_0  ; yes                    ;
; RegisterFile_v:b2v_inst4|reg16bit:b2v_inst5|out[14]  ; RegisterFile_v:b2v_inst4|SYNTHESIZED_WIRE_27 ; yes                    ;
; RegisterFile_v:b2v_inst4|reg16bit:b2v_inst7|out[14]  ; RegisterFile_v:b2v_inst4|SYNTHESIZED_WIRE_29 ; yes                    ;
; RegisterFile_v:b2v_inst4|reg16bit:b2v_inst8|out[14]  ; RegisterFile_v:b2v_inst4|SYNTHESIZED_WIRE_30 ; yes                    ;
; RegisterFile_v:b2v_inst4|reg16bit:b2v_inst6|out[14]  ; RegisterFile_v:b2v_inst4|SYNTHESIZED_WIRE_28 ; yes                    ;
; RegisterFile_v:b2v_inst4|reg16bit:b2v_inst9|out[14]  ; RegisterFile_v:b2v_inst4|SYNTHESIZED_WIRE_31 ; yes                    ;
; RegisterFile_v:b2v_inst4|reg16bit:b2v_inst4|out[13]  ; RegisterFile_v:b2v_inst4|SYNTHESIZED_WIRE_26 ; yes                    ;
; RegisterFile_v:b2v_inst4|reg16bit:b2v_inst3|out[13]  ; RegisterFile_v:b2v_inst4|SYNTHESIZED_WIRE_25 ; yes                    ;
; RegisterFile_v:b2v_inst4|reg16bit:b2v_inst1|out[13]  ; RegisterFile_v:b2v_inst4|SYNTHESIZED_WIRE_0  ; yes                    ;
; RegisterFile_v:b2v_inst4|reg16bit:b2v_inst5|out[13]  ; RegisterFile_v:b2v_inst4|SYNTHESIZED_WIRE_27 ; yes                    ;
; RegisterFile_v:b2v_inst4|reg16bit:b2v_inst7|out[13]  ; RegisterFile_v:b2v_inst4|SYNTHESIZED_WIRE_29 ; yes                    ;
; RegisterFile_v:b2v_inst4|reg16bit:b2v_inst8|out[13]  ; RegisterFile_v:b2v_inst4|SYNTHESIZED_WIRE_30 ; yes                    ;
; RegisterFile_v:b2v_inst4|reg16bit:b2v_inst6|out[13]  ; RegisterFile_v:b2v_inst4|SYNTHESIZED_WIRE_28 ; yes                    ;
; RegisterFile_v:b2v_inst4|reg16bit:b2v_inst9|out[13]  ; RegisterFile_v:b2v_inst4|SYNTHESIZED_WIRE_31 ; yes                    ;
; RegisterFile_v:b2v_inst4|reg16bit:b2v_inst4|out[12]  ; RegisterFile_v:b2v_inst4|SYNTHESIZED_WIRE_26 ; yes                    ;
; RegisterFile_v:b2v_inst4|reg16bit:b2v_inst3|out[12]  ; RegisterFile_v:b2v_inst4|SYNTHESIZED_WIRE_25 ; yes                    ;
; RegisterFile_v:b2v_inst4|reg16bit:b2v_inst1|out[12]  ; RegisterFile_v:b2v_inst4|SYNTHESIZED_WIRE_0  ; yes                    ;
; RegisterFile_v:b2v_inst4|reg16bit:b2v_inst5|out[12]  ; RegisterFile_v:b2v_inst4|SYNTHESIZED_WIRE_27 ; yes                    ;
; RegisterFile_v:b2v_inst4|reg16bit:b2v_inst7|out[12]  ; RegisterFile_v:b2v_inst4|SYNTHESIZED_WIRE_29 ; yes                    ;
; RegisterFile_v:b2v_inst4|reg16bit:b2v_inst8|out[12]  ; RegisterFile_v:b2v_inst4|SYNTHESIZED_WIRE_30 ; yes                    ;
; RegisterFile_v:b2v_inst4|reg16bit:b2v_inst6|out[12]  ; RegisterFile_v:b2v_inst4|SYNTHESIZED_WIRE_28 ; yes                    ;
; RegisterFile_v:b2v_inst4|reg16bit:b2v_inst9|out[12]  ; RegisterFile_v:b2v_inst4|SYNTHESIZED_WIRE_31 ; yes                    ;
; RegisterFile_v:b2v_inst4|reg16bit:b2v_inst4|out[11]  ; RegisterFile_v:b2v_inst4|SYNTHESIZED_WIRE_26 ; yes                    ;
; RegisterFile_v:b2v_inst4|reg16bit:b2v_inst3|out[11]  ; RegisterFile_v:b2v_inst4|SYNTHESIZED_WIRE_25 ; yes                    ;
; RegisterFile_v:b2v_inst4|reg16bit:b2v_inst1|out[11]  ; RegisterFile_v:b2v_inst4|SYNTHESIZED_WIRE_0  ; yes                    ;
; RegisterFile_v:b2v_inst4|reg16bit:b2v_inst5|out[11]  ; RegisterFile_v:b2v_inst4|SYNTHESIZED_WIRE_27 ; yes                    ;
; RegisterFile_v:b2v_inst4|reg16bit:b2v_inst7|out[11]  ; RegisterFile_v:b2v_inst4|SYNTHESIZED_WIRE_29 ; yes                    ;
; RegisterFile_v:b2v_inst4|reg16bit:b2v_inst8|out[11]  ; RegisterFile_v:b2v_inst4|SYNTHESIZED_WIRE_30 ; yes                    ;
; RegisterFile_v:b2v_inst4|reg16bit:b2v_inst6|out[11]  ; RegisterFile_v:b2v_inst4|SYNTHESIZED_WIRE_28 ; yes                    ;
; RegisterFile_v:b2v_inst4|reg16bit:b2v_inst9|out[11]  ; RegisterFile_v:b2v_inst4|SYNTHESIZED_WIRE_31 ; yes                    ;
; RegisterFile_v:b2v_inst4|reg16bit:b2v_inst4|out[10]  ; RegisterFile_v:b2v_inst4|SYNTHESIZED_WIRE_26 ; yes                    ;
; RegisterFile_v:b2v_inst4|reg16bit:b2v_inst3|out[10]  ; RegisterFile_v:b2v_inst4|SYNTHESIZED_WIRE_25 ; yes                    ;
; RegisterFile_v:b2v_inst4|reg16bit:b2v_inst1|out[10]  ; RegisterFile_v:b2v_inst4|SYNTHESIZED_WIRE_0  ; yes                    ;
; RegisterFile_v:b2v_inst4|reg16bit:b2v_inst5|out[10]  ; RegisterFile_v:b2v_inst4|SYNTHESIZED_WIRE_27 ; yes                    ;
; RegisterFile_v:b2v_inst4|reg16bit:b2v_inst7|out[10]  ; RegisterFile_v:b2v_inst4|SYNTHESIZED_WIRE_29 ; yes                    ;
; RegisterFile_v:b2v_inst4|reg16bit:b2v_inst8|out[10]  ; RegisterFile_v:b2v_inst4|SYNTHESIZED_WIRE_30 ; yes                    ;
; RegisterFile_v:b2v_inst4|reg16bit:b2v_inst6|out[10]  ; RegisterFile_v:b2v_inst4|SYNTHESIZED_WIRE_28 ; yes                    ;
; RegisterFile_v:b2v_inst4|reg16bit:b2v_inst9|out[10]  ; RegisterFile_v:b2v_inst4|SYNTHESIZED_WIRE_31 ; yes                    ;
; RegisterFile_v:b2v_inst4|reg16bit:b2v_inst4|out[9]   ; RegisterFile_v:b2v_inst4|SYNTHESIZED_WIRE_26 ; yes                    ;
; RegisterFile_v:b2v_inst4|reg16bit:b2v_inst3|out[9]   ; RegisterFile_v:b2v_inst4|SYNTHESIZED_WIRE_25 ; yes                    ;
; RegisterFile_v:b2v_inst4|reg16bit:b2v_inst1|out[9]   ; RegisterFile_v:b2v_inst4|SYNTHESIZED_WIRE_0  ; yes                    ;
; RegisterFile_v:b2v_inst4|reg16bit:b2v_inst5|out[9]   ; RegisterFile_v:b2v_inst4|SYNTHESIZED_WIRE_27 ; yes                    ;
; RegisterFile_v:b2v_inst4|reg16bit:b2v_inst7|out[9]   ; RegisterFile_v:b2v_inst4|SYNTHESIZED_WIRE_29 ; yes                    ;
; RegisterFile_v:b2v_inst4|reg16bit:b2v_inst8|out[9]   ; RegisterFile_v:b2v_inst4|SYNTHESIZED_WIRE_30 ; yes                    ;
; RegisterFile_v:b2v_inst4|reg16bit:b2v_inst6|out[9]   ; RegisterFile_v:b2v_inst4|SYNTHESIZED_WIRE_28 ; yes                    ;
; RegisterFile_v:b2v_inst4|reg16bit:b2v_inst9|out[9]   ; RegisterFile_v:b2v_inst4|SYNTHESIZED_WIRE_31 ; yes                    ;
; RegisterFile_v:b2v_inst4|reg16bit:b2v_inst4|out[8]   ; RegisterFile_v:b2v_inst4|SYNTHESIZED_WIRE_26 ; yes                    ;
; RegisterFile_v:b2v_inst4|reg16bit:b2v_inst3|out[8]   ; RegisterFile_v:b2v_inst4|SYNTHESIZED_WIRE_25 ; yes                    ;
; RegisterFile_v:b2v_inst4|reg16bit:b2v_inst1|out[8]   ; RegisterFile_v:b2v_inst4|SYNTHESIZED_WIRE_0  ; yes                    ;
; RegisterFile_v:b2v_inst4|reg16bit:b2v_inst5|out[8]   ; RegisterFile_v:b2v_inst4|SYNTHESIZED_WIRE_27 ; yes                    ;
; RegisterFile_v:b2v_inst4|reg16bit:b2v_inst7|out[8]   ; RegisterFile_v:b2v_inst4|SYNTHESIZED_WIRE_29 ; yes                    ;
; RegisterFile_v:b2v_inst4|reg16bit:b2v_inst8|out[8]   ; RegisterFile_v:b2v_inst4|SYNTHESIZED_WIRE_30 ; yes                    ;
; RegisterFile_v:b2v_inst4|reg16bit:b2v_inst6|out[8]   ; RegisterFile_v:b2v_inst4|SYNTHESIZED_WIRE_28 ; yes                    ;
; RegisterFile_v:b2v_inst4|reg16bit:b2v_inst9|out[8]   ; RegisterFile_v:b2v_inst4|SYNTHESIZED_WIRE_31 ; yes                    ;
; RegisterFile_v:b2v_inst4|reg16bit:b2v_inst4|out[7]   ; RegisterFile_v:b2v_inst4|SYNTHESIZED_WIRE_26 ; yes                    ;
; RegisterFile_v:b2v_inst4|reg16bit:b2v_inst3|out[7]   ; RegisterFile_v:b2v_inst4|SYNTHESIZED_WIRE_25 ; yes                    ;
; RegisterFile_v:b2v_inst4|reg16bit:b2v_inst1|out[7]   ; RegisterFile_v:b2v_inst4|SYNTHESIZED_WIRE_0  ; yes                    ;
; RegisterFile_v:b2v_inst4|reg16bit:b2v_inst5|out[7]   ; RegisterFile_v:b2v_inst4|SYNTHESIZED_WIRE_27 ; yes                    ;
; RegisterFile_v:b2v_inst4|reg16bit:b2v_inst7|out[7]   ; RegisterFile_v:b2v_inst4|SYNTHESIZED_WIRE_29 ; yes                    ;
; RegisterFile_v:b2v_inst4|reg16bit:b2v_inst8|out[7]   ; RegisterFile_v:b2v_inst4|SYNTHESIZED_WIRE_30 ; yes                    ;
; RegisterFile_v:b2v_inst4|reg16bit:b2v_inst6|out[7]   ; RegisterFile_v:b2v_inst4|SYNTHESIZED_WIRE_28 ; yes                    ;
; RegisterFile_v:b2v_inst4|reg16bit:b2v_inst9|out[7]   ; RegisterFile_v:b2v_inst4|SYNTHESIZED_WIRE_31 ; yes                    ;
; RegisterFile_v:b2v_inst4|reg16bit:b2v_inst4|out[6]   ; RegisterFile_v:b2v_inst4|SYNTHESIZED_WIRE_26 ; yes                    ;
; RegisterFile_v:b2v_inst4|reg16bit:b2v_inst3|out[6]   ; RegisterFile_v:b2v_inst4|SYNTHESIZED_WIRE_25 ; yes                    ;
; RegisterFile_v:b2v_inst4|reg16bit:b2v_inst1|out[6]   ; RegisterFile_v:b2v_inst4|SYNTHESIZED_WIRE_0  ; yes                    ;
; RegisterFile_v:b2v_inst4|reg16bit:b2v_inst5|out[6]   ; RegisterFile_v:b2v_inst4|SYNTHESIZED_WIRE_27 ; yes                    ;
; RegisterFile_v:b2v_inst4|reg16bit:b2v_inst7|out[6]   ; RegisterFile_v:b2v_inst4|SYNTHESIZED_WIRE_29 ; yes                    ;
; RegisterFile_v:b2v_inst4|reg16bit:b2v_inst8|out[6]   ; RegisterFile_v:b2v_inst4|SYNTHESIZED_WIRE_30 ; yes                    ;
; RegisterFile_v:b2v_inst4|reg16bit:b2v_inst6|out[6]   ; RegisterFile_v:b2v_inst4|SYNTHESIZED_WIRE_28 ; yes                    ;
; RegisterFile_v:b2v_inst4|reg16bit:b2v_inst9|out[6]   ; RegisterFile_v:b2v_inst4|SYNTHESIZED_WIRE_31 ; yes                    ;
; RegisterFile_v:b2v_inst4|reg16bit:b2v_inst4|out[5]   ; RegisterFile_v:b2v_inst4|SYNTHESIZED_WIRE_26 ; yes                    ;
; RegisterFile_v:b2v_inst4|reg16bit:b2v_inst3|out[5]   ; RegisterFile_v:b2v_inst4|SYNTHESIZED_WIRE_25 ; yes                    ;
; RegisterFile_v:b2v_inst4|reg16bit:b2v_inst1|out[5]   ; RegisterFile_v:b2v_inst4|SYNTHESIZED_WIRE_0  ; yes                    ;
; RegisterFile_v:b2v_inst4|reg16bit:b2v_inst5|out[5]   ; RegisterFile_v:b2v_inst4|SYNTHESIZED_WIRE_27 ; yes                    ;
; RegisterFile_v:b2v_inst4|reg16bit:b2v_inst7|out[5]   ; RegisterFile_v:b2v_inst4|SYNTHESIZED_WIRE_29 ; yes                    ;
; RegisterFile_v:b2v_inst4|reg16bit:b2v_inst8|out[5]   ; RegisterFile_v:b2v_inst4|SYNTHESIZED_WIRE_30 ; yes                    ;
; RegisterFile_v:b2v_inst4|reg16bit:b2v_inst6|out[5]   ; RegisterFile_v:b2v_inst4|SYNTHESIZED_WIRE_28 ; yes                    ;
; RegisterFile_v:b2v_inst4|reg16bit:b2v_inst9|out[5]   ; RegisterFile_v:b2v_inst4|SYNTHESIZED_WIRE_31 ; yes                    ;
; RegisterFile_v:b2v_inst4|reg16bit:b2v_inst4|out[4]   ; RegisterFile_v:b2v_inst4|SYNTHESIZED_WIRE_26 ; yes                    ;
; RegisterFile_v:b2v_inst4|reg16bit:b2v_inst3|out[4]   ; RegisterFile_v:b2v_inst4|SYNTHESIZED_WIRE_25 ; yes                    ;
; RegisterFile_v:b2v_inst4|reg16bit:b2v_inst1|out[4]   ; RegisterFile_v:b2v_inst4|SYNTHESIZED_WIRE_0  ; yes                    ;
; RegisterFile_v:b2v_inst4|reg16bit:b2v_inst5|out[4]   ; RegisterFile_v:b2v_inst4|SYNTHESIZED_WIRE_27 ; yes                    ;
; RegisterFile_v:b2v_inst4|reg16bit:b2v_inst7|out[4]   ; RegisterFile_v:b2v_inst4|SYNTHESIZED_WIRE_29 ; yes                    ;
; RegisterFile_v:b2v_inst4|reg16bit:b2v_inst8|out[4]   ; RegisterFile_v:b2v_inst4|SYNTHESIZED_WIRE_30 ; yes                    ;
; RegisterFile_v:b2v_inst4|reg16bit:b2v_inst6|out[4]   ; RegisterFile_v:b2v_inst4|SYNTHESIZED_WIRE_28 ; yes                    ;
; RegisterFile_v:b2v_inst4|reg16bit:b2v_inst9|out[4]   ; RegisterFile_v:b2v_inst4|SYNTHESIZED_WIRE_31 ; yes                    ;
; RegisterFile_v:b2v_inst4|reg16bit:b2v_inst4|out[3]   ; RegisterFile_v:b2v_inst4|SYNTHESIZED_WIRE_26 ; yes                    ;
; RegisterFile_v:b2v_inst4|reg16bit:b2v_inst3|out[3]   ; RegisterFile_v:b2v_inst4|SYNTHESIZED_WIRE_25 ; yes                    ;
; RegisterFile_v:b2v_inst4|reg16bit:b2v_inst1|out[3]   ; RegisterFile_v:b2v_inst4|SYNTHESIZED_WIRE_0  ; yes                    ;
; RegisterFile_v:b2v_inst4|reg16bit:b2v_inst5|out[3]   ; RegisterFile_v:b2v_inst4|SYNTHESIZED_WIRE_27 ; yes                    ;
; Number of user-specified and inferred latches = 128  ;                                              ;                        ;
+------------------------------------------------------+----------------------------------------------+------------------------+
Table restricted to first 100 entries. Note: All latches listed above may not be present at the end of synthesis due to various synthesis optimizations.


+--------------------------------------------------------------+
; Registers Removed During Synthesis                           ;
+-----------------------------------------+--------------------+
; Register name                           ; Reason for Removal ;
+-----------------------------------------+--------------------+
; stack:b2v_inst|ptr[8..255]              ; Lost fanout        ;
; Total Number of Removed Registers = 248 ;                    ;
+-----------------------------------------+--------------------+


+------------------------------------------------------+
; General Register Statistics                          ;
+----------------------------------------------+-------+
; Statistic                                    ; Value ;
+----------------------------------------------+-------+
; Total registers                              ; 4120  ;
; Number of registers using Synchronous Clear  ; 0     ;
; Number of registers using Synchronous Load   ; 16    ;
; Number of registers using Asynchronous Clear ; 0     ;
; Number of registers using Asynchronous Load  ; 0     ;
; Number of registers using Clock Enable       ; 4120  ;
; Number of registers using Preset             ; 0     ;
+----------------------------------------------+-------+


+--------------------------------------------------------------------------------------------------------------------------------------------------------------------------------------------------------------+
; Multiplexer Restructuring Statistics (Restructuring Performed)                                                                                                                                               ;
+--------------------+-----------+---------------+----------------------+------------------------+------------+------------------------------------------------------------------------------------------------+
; Multiplexer Inputs ; Bus Width ; Baseline Area ; Area if Restructured ; Saving if Restructured ; Registered ; Example Multiplexer Output                                                                     ;
+--------------------+-----------+---------------+----------------------+------------------------+------------+------------------------------------------------------------------------------------------------+
; 4:1                ; 16 bits   ; 32 LEs        ; 16 LEs               ; 16 LEs                 ; Yes        ; |Top_Level_ModelSim_v|PC:b2v_inst5|out[12]                                                     ;
; 4:1                ; 256 bits  ; 512 LEs       ; 512 LEs              ; 0 LEs                  ; Yes        ; |Top_Level_ModelSim_v|stack:b2v_inst|ptr[239]                                                  ;
; 4:1                ; 16 bits   ; 32 LEs        ; 32 LEs               ; 0 LEs                  ; No         ; |Top_Level_ModelSim_v|ALU_16bit_v:b2v_inst2|ALU_4bit_v:b2v_inst1|FOURtoONE_MUX:b2v_inst34|Mux0 ;
; 8:1                ; 16 bits   ; 80 LEs        ; 80 LEs               ; 0 LEs                  ; No         ; |Top_Level_ModelSim_v|RegisterFile_v:b2v_inst4|mux3to8:b2v_inst2|Mux9                          ;
; 9:1                ; 16 bits   ; 96 LEs        ; 96 LEs               ; 0 LEs                  ; No         ; |Top_Level_ModelSim_v|B[13]                                                                    ;
+--------------------+-----------+---------------+----------------------+------------------------+------------+------------------------------------------------------------------------------------------------+


+------------------------------------------------------------------------------------------------------+
; Source assignments for RAM1:b2v_inst3|altsyncram:altsyncram_component|altsyncram_96i1:auto_generated ;
+---------------------------------+--------------------+------+----------------------------------------+
; Assignment                      ; Value              ; From ; To                                     ;
+---------------------------------+--------------------+------+----------------------------------------+
; OPTIMIZE_POWER_DURING_SYNTHESIS ; NORMAL_COMPILATION ; -    ; -                                      ;
+---------------------------------+--------------------+------+----------------------------------------+


+-------------------------------------------------------------+
; Parameter Settings for User Entity Instance: stack:b2v_inst ;
+----------------+-------+------------------------------------+
; Parameter Name ; Value ; Type                               ;
+----------------+-------+------------------------------------+
; WIDTH          ; 16    ; Signed Integer                     ;
; DEPTH          ; 256   ; Signed Integer                     ;
+----------------+-------+------------------------------------+
Note: In order to hide this table in the UI and the text report file, please set the "Show Parameter Settings in Synthesis Report" option in "Analysis and Synthesis Settings -> More Settings" to "Off".


+---------------------------------------------------------------------------------------------+
; Parameter Settings for User Entity Instance: RAM1:b2v_inst3|altsyncram:altsyncram_component ;
+------------------------------------+----------------------+---------------------------------+
; Parameter Name                     ; Value                ; Type                            ;
+------------------------------------+----------------------+---------------------------------+
; BYTE_SIZE_BLOCK                    ; 8                    ; Untyped                         ;
; AUTO_CARRY_CHAINS                  ; ON                   ; AUTO_CARRY                      ;
; IGNORE_CARRY_BUFFERS               ; OFF                  ; IGNORE_CARRY                    ;
; AUTO_CASCADE_CHAINS                ; ON                   ; AUTO_CASCADE                    ;
; IGNORE_CASCADE_BUFFERS             ; OFF                  ; IGNORE_CASCADE                  ;
; WIDTH_BYTEENA                      ; 1                    ; Untyped                         ;
; OPERATION_MODE                     ; SINGLE_PORT          ; Untyped                         ;
; WIDTH_A                            ; 16                   ; Signed Integer                  ;
; WIDTHAD_A                          ; 9                    ; Signed Integer                  ;
; NUMWORDS_A                         ; 512                  ; Signed Integer                  ;
; OUTDATA_REG_A                      ; UNREGISTERED         ; Untyped                         ;
; ADDRESS_ACLR_A                     ; NONE                 ; Untyped                         ;
; OUTDATA_ACLR_A                     ; NONE                 ; Untyped                         ;
; WRCONTROL_ACLR_A                   ; NONE                 ; Untyped                         ;
; INDATA_ACLR_A                      ; NONE                 ; Untyped                         ;
; BYTEENA_ACLR_A                     ; NONE                 ; Untyped                         ;
; WIDTH_B                            ; 1                    ; Untyped                         ;
; WIDTHAD_B                          ; 1                    ; Untyped                         ;
; NUMWORDS_B                         ; 1                    ; Untyped                         ;
; INDATA_REG_B                       ; CLOCK1               ; Untyped                         ;
; WRCONTROL_WRADDRESS_REG_B          ; CLOCK1               ; Untyped                         ;
; RDCONTROL_REG_B                    ; CLOCK1               ; Untyped                         ;
; ADDRESS_REG_B                      ; CLOCK1               ; Untyped                         ;
; OUTDATA_REG_B                      ; UNREGISTERED         ; Untyped                         ;
; BYTEENA_REG_B                      ; CLOCK1               ; Untyped                         ;
; INDATA_ACLR_B                      ; NONE                 ; Untyped                         ;
; WRCONTROL_ACLR_B                   ; NONE                 ; Untyped                         ;
; ADDRESS_ACLR_B                     ; NONE                 ; Untyped                         ;
; OUTDATA_ACLR_B                     ; NONE                 ; Untyped                         ;
; RDCONTROL_ACLR_B                   ; NONE                 ; Untyped                         ;
; BYTEENA_ACLR_B                     ; NONE                 ; Untyped                         ;
; WIDTH_BYTEENA_A                    ; 1                    ; Signed Integer                  ;
; WIDTH_BYTEENA_B                    ; 1                    ; Untyped                         ;
; RAM_BLOCK_TYPE                     ; M9K                  ; Untyped                         ;
; BYTE_SIZE                          ; 8                    ; Untyped                         ;
; READ_DURING_WRITE_MODE_MIXED_PORTS ; DONT_CARE            ; Untyped                         ;
; READ_DURING_WRITE_MODE_PORT_A      ; NEW_DATA_NO_NBE_READ ; Untyped                         ;
; READ_DURING_WRITE_MODE_PORT_B      ; NEW_DATA_NO_NBE_READ ; Untyped                         ;
; INIT_FILE                          ; UNUSED               ; Untyped                         ;
; INIT_FILE_LAYOUT                   ; PORT_A               ; Untyped                         ;
; MAXIMUM_DEPTH                      ; 0                    ; Untyped                         ;
; CLOCK_ENABLE_INPUT_A               ; BYPASS               ; Untyped                         ;
; CLOCK_ENABLE_INPUT_B               ; NORMAL               ; Untyped                         ;
; CLOCK_ENABLE_OUTPUT_A              ; BYPASS               ; Untyped                         ;
; CLOCK_ENABLE_OUTPUT_B              ; NORMAL               ; Untyped                         ;
; CLOCK_ENABLE_CORE_A                ; USE_INPUT_CLKEN      ; Untyped                         ;
; CLOCK_ENABLE_CORE_B                ; USE_INPUT_CLKEN      ; Untyped                         ;
; ENABLE_ECC                         ; FALSE                ; Untyped                         ;
; ECC_PIPELINE_STAGE_ENABLED         ; FALSE                ; Untyped                         ;
; WIDTH_ECCSTATUS                    ; 3                    ; Untyped                         ;
; DEVICE_FAMILY                      ; Cyclone IV GX        ; Untyped                         ;
; CBXI_PARAMETER                     ; altsyncram_96i1      ; Untyped                         ;
+------------------------------------+----------------------+---------------------------------+
Note: In order to hide this table in the UI and the text report file, please set the "Show Parameter Settings in Synthesis Report" option in "Analysis and Synthesis Settings -> More Settings" to "Off".


+--------------------------------------------------------------------------------------------+
; altsyncram Parameter Settings by Entity Instance                                           ;
+-------------------------------------------+------------------------------------------------+
; Name                                      ; Value                                          ;
+-------------------------------------------+------------------------------------------------+
; Number of entity instances                ; 1                                              ;
; Entity Instance                           ; RAM1:b2v_inst3|altsyncram:altsyncram_component ;
;     -- OPERATION_MODE                     ; SINGLE_PORT                                    ;
;     -- WIDTH_A                            ; 16                                             ;
;     -- NUMWORDS_A                         ; 512                                            ;
;     -- OUTDATA_REG_A                      ; UNREGISTERED                                   ;
;     -- WIDTH_B                            ; 1                                              ;
;     -- NUMWORDS_B                         ; 1                                              ;
;     -- ADDRESS_REG_B                      ; CLOCK1                                         ;
;     -- OUTDATA_REG_B                      ; UNREGISTERED                                   ;
;     -- RAM_BLOCK_TYPE                     ; M9K                                            ;
;     -- READ_DURING_WRITE_MODE_MIXED_PORTS ; DONT_CARE                                      ;
+-------------------------------------------+------------------------------------------------+


+------------------------------------------------------------------------------------------------+
; Port Connectivity Checks: "ALU_16bit_v:b2v_inst2|ALU_4bit_v:b2v_inst|FOURtoONE_MUX:b2v_inst34" ;
+------+-------+----------+----------------------------------------------------------------------+
; Port ; Type  ; Severity ; Details                                                              ;
+------+-------+----------+----------------------------------------------------------------------+
; A    ; Input ; Info     ; Stuck at GND                                                         ;
; B    ; Input ; Info     ; Stuck at VCC                                                         ;
+------+-------+----------+----------------------------------------------------------------------+


+------------------------------------------------------------------------------------------------+
; Port Connectivity Checks: "ALU_16bit_v:b2v_inst2|ALU_4bit_v:b2v_inst|FOURtoONE_MUX:b2v_inst23" ;
+------+-------+----------+----------------------------------------------------------------------+
; Port ; Type  ; Severity ; Details                                                              ;
+------+-------+----------+----------------------------------------------------------------------+
; A    ; Input ; Info     ; Stuck at GND                                                         ;
; B    ; Input ; Info     ; Stuck at VCC                                                         ;
+------+-------+----------+----------------------------------------------------------------------+


+------------------------------------------------------------------------------------------------+
; Port Connectivity Checks: "ALU_16bit_v:b2v_inst2|ALU_4bit_v:b2v_inst|FOURtoONE_MUX:b2v_inst11" ;
+------+-------+----------+----------------------------------------------------------------------+
; Port ; Type  ; Severity ; Details                                                              ;
+------+-------+----------+----------------------------------------------------------------------+
; A    ; Input ; Info     ; Stuck at GND                                                         ;
; B    ; Input ; Info     ; Stuck at VCC                                                         ;
+------+-------+----------+----------------------------------------------------------------------+


+-----------------------------------------------------------------------------------------------+
; Port Connectivity Checks: "ALU_16bit_v:b2v_inst2|ALU_4bit_v:b2v_inst|FOURtoONE_MUX:b2v_inst1" ;
+------+-------+----------+---------------------------------------------------------------------+
; Port ; Type  ; Severity ; Details                                                             ;
+------+-------+----------+---------------------------------------------------------------------+
; A    ; Input ; Info     ; Stuck at GND                                                        ;
; B    ; Input ; Info     ; Stuck at VCC                                                        ;
+------+-------+----------+---------------------------------------------------------------------+


+-------------------------------------------------------------------------------------------------------------------------------------+
; Port Connectivity Checks: "IR:b2v_inst14"                                                                                           ;
+------+--------+----------+----------------------------------------------------------------------------------------------------------+
; Port ; Type   ; Severity ; Details                                                                                                  ;
+------+--------+----------+----------------------------------------------------------------------------------------------------------+
; out  ; Output ; Warning  ; Declared by entity but not connected by instance. Logic that only feeds a dangling port will be removed. ;
+------+--------+----------+----------------------------------------------------------------------------------------------------------+


+-------------------------------+
; Elapsed Time Per Partition    ;
+----------------+--------------+
; Partition Name ; Elapsed Time ;
+----------------+--------------+
; Top            ; 00:00:17     ;
+----------------+--------------+


+-------------------------------+
; Analysis & Synthesis Messages ;
+-------------------------------+
Info: *******************************************************************
Info: Running Quartus II 64-Bit Analysis & Synthesis
    Info: Version 13.1.0 Build 162 10/23/2013 SJ Web Edition
    Info: Processing started: Mon Mar 27 22:23:00 2017
Info: Command: quartus_map --read_settings_files=on --write_settings_files=off Processor -c Processor
Warning (20028): Parallel compilation is not licensed and has been disabled
Info (12021): Found 1 design units, including 1 entities, in source file top_level_modelsim_v.v
    Info (12023): Found entity 1: Top_Level_ModelSim_v
Info (12021): Found 1 design units, including 1 entities, in source file ram2.v
    Info (12023): Found entity 1: RAM2
Info (12021): Found 1 design units, including 1 entities, in source file ram1.v
    Info (12023): Found entity 1: RAM1
Info (12021): Found 1 design units, including 1 entities, in source file twotoone_mux.v
    Info (12023): Found entity 1: TWOtoONE_MUX
Info (12021): Found 1 design units, including 1 entities, in source file top_level_modelsim.bdf
    Info (12023): Found entity 1: Top_Level_ModelSim
Info (12021): Found 1 design units, including 1 entities, in source file top_level.bdf
    Info (12023): Found entity 1: Top_Level
Info (12021): Found 1 design units, including 1 entities, in source file threetoeight_decoder.v
    Info (12023): Found entity 1: THREEtoEIGHT_decoder
Info (12021): Found 1 design units, including 1 entities, in source file rom_case.v
    Info (12023): Found entity 1: rom_case
Info (12021): Found 1 design units, including 1 entities, in source file registerfile.bdf
    Info (12023): Found entity 1: RegisterFile
Info (12021): Found 1 design units, including 1 entities, in source file reg16bit.v
    Info (12023): Found entity 1: reg16bit
Info (12021): Found 1 design units, including 1 entities, in source file reg_file_tb.v
    Info (12023): Found entity 1: reg_file_tb
Info (12021): Found 1 design units, including 1 entities, in source file reg_file.v
    Info (12023): Found entity 1: reg_file
Info (12021): Found 1 design units, including 1 entities, in source file ram2_bb.v
    Info (12023): Found entity 1: RAM2_bb
Info (12021): Found 1 design units, including 1 entities, in source file ram1_bb.v
    Info (12023): Found entity 1: RAM1_bb
Info (12021): Found 1 design units, including 1 entities, in source file pc.v
    Info (12023): Found entity 1: PC
Info (12021): Found 1 design units, including 1 entities, in source file mux4to1.v
    Info (12023): Found entity 1: mux4to1
Info (12021): Found 1 design units, including 1 entities, in source file mux3to8.v
    Info (12023): Found entity 1: mux3to8
Info (12021): Found 1 design units, including 1 entities, in source file mux2to1.v
    Info (12023): Found entity 1: mux2to1
Info (12021): Found 1 design units, including 1 entities, in source file ir.v
    Info (12023): Found entity 1: IR
Info (12021): Found 1 design units, including 1 entities, in source file hex_to_7seg_behavioral.v
    Info (12023): Found entity 1: hex_to_7seg_behavioral
Info (12021): Found 2 design units, including 2 entities, in source file gpio_board_test.v
    Info (12023): Found entity 1: GPIO_Board_test
    Info (12023): Found entity 2: count_32bit
Info (12021): Found 3 design units, including 3 entities, in source file gpio_board.v
    Info (12023): Found entity 1: GPIO_Board
    Info (12023): Found entity 2: gpio_mux_8_to_1
    Info (12023): Found entity 3: gpio_decoder_3_8
Info (12021): Found 1 design units, including 1 entities, in source file fourtoone_mux.v
    Info (12023): Found entity 1: FOURtoONE_MUX
Info (12021): Found 1 design units, including 1 entities, in source file eighttoone_mux16bit.v
    Info (12023): Found entity 1: EIGHTtoONE_MUX16bit
Info (12021): Found 1 design units, including 1 entities, in source file decoder2to4.v
    Info (12023): Found entity 1: decoder2to4
Info (12021): Found 1 design units, including 1 entities, in source file decoder.v
    Info (12023): Found entity 1: decoder
Info (12021): Found 1 design units, including 1 entities, in source file clock_div.v
    Info (12023): Found entity 1: clock_div
Info (12021): Found 1 design units, including 1 entities, in source file carrylookaheadadder.v
    Info (12023): Found entity 1: CarryLookaheadAdder
Info (12021): Found 1 design units, including 1 entities, in source file alu_16bit_v.v
    Info (12023): Found entity 1: ALU_16bit_v
Info (12021): Found 1 design units, including 1 entities, in source file alu_16bit_t.v
    Info (12023): Found entity 1: ALU_16bit_t
Info (12021): Found 1 design units, including 1 entities, in source file alu_16bit.bdf
    Info (12023): Found entity 1: ALU_16bit
Info (12021): Found 3 design units, including 3 entities, in source file alu_4bit_v.v
    Info (12023): Found entity 1: ALU_4bit_v
    Info (12023): Found entity 2: and5_1
    Info (12023): Found entity 3: or5_0
Info (12021): Found 1 design units, including 1 entities, in source file alu_4bit.bdf
    Info (12023): Found entity 1: ALU_4bit
Warning (12019): Can't analyze file -- file datapath_tb.v is missing
Info (12021): Found 1 design units, including 1 entities, in source file stack_mux.v
    Info (12023): Found entity 1: stack_mux
Info (12021): Found 1 design units, including 1 entities, in source file stack.v
    Info (12023): Found entity 1: stack
Info (12021): Found 1 design units, including 1 entities, in source file status.v
    Info (12023): Found entity 1: status
Warning (10229): Verilog HDL Expression warning at Top_Level_ModelSim_v_t.v(329): truncated literal to match 4 bits
Warning (10229): Verilog HDL Expression warning at Top_Level_ModelSim_v_t.v(345): truncated literal to match 4 bits
Warning (10229): Verilog HDL Expression warning at Top_Level_ModelSim_v_t.v(360): truncated literal to match 4 bits
Warning (10229): Verilog HDL Expression warning at Top_Level_ModelSim_v_t.v(375): truncated literal to match 4 bits
Warning (10229): Verilog HDL Expression warning at Top_Level_ModelSim_v_t.v(390): truncated literal to match 4 bits
Info (12021): Found 1 design units, including 1 entities, in source file top_level_modelsim_v_t.v
    Info (12023): Found entity 1: Top_Level_ModelSim_v_t
Info (12021): Found 1 design units, including 1 entities, in source file control_unit.v
    Info (12023): Found entity 1: ControlUnitFSM
Info (12127): Elaborating entity "Top_Level_ModelSim_v" for the top level hierarchy
Info (12128): Elaborating entity "stack" for hierarchy "stack:b2v_inst"
Info (12128): Elaborating entity "stack_mux" for hierarchy "stack_mux:b2v_inst1"
Info (12128): Elaborating entity "status" for hierarchy "status:b2v_inst10"
Info (12128): Elaborating entity "IR" for hierarchy "IR:b2v_inst14"
Info (12128): Elaborating entity "rom_case" for hierarchy "rom_case:b2v_inst15"
Info (12128): Elaborating entity "ALU_16bit_v" for hierarchy "ALU_16bit_v:b2v_inst2"
Info (12128): Elaborating entity "ALU_4bit_v" for hierarchy "ALU_16bit_v:b2v_inst2|ALU_4bit_v:b2v_inst"
Info (12128): Elaborating entity "FOURtoONE_MUX" for hierarchy "ALU_16bit_v:b2v_inst2|ALU_4bit_v:b2v_inst|FOURtoONE_MUX:b2v_inst"
Info (12128): Elaborating entity "TWOtoONE_MUX" for hierarchy "ALU_16bit_v:b2v_inst2|ALU_4bit_v:b2v_inst|TWOtoONE_MUX:b2v_inst13"
Info (12128): Elaborating entity "CarryLookaheadAdder" for hierarchy "ALU_16bit_v:b2v_inst2|ALU_4bit_v:b2v_inst|CarryLookaheadAdder:b2v_inst15"
Info (12128): Elaborating entity "or5_0" for hierarchy "ALU_16bit_v:b2v_inst2|ALU_4bit_v:b2v_inst|or5_0:b2v_inst68"
Info (12128): Elaborating entity "and5_1" for hierarchy "ALU_16bit_v:b2v_inst2|ALU_4bit_v:b2v_inst|and5_1:b2v_inst72"
Info (12128): Elaborating entity "RAM1" for hierarchy "RAM1:b2v_inst3"
Info (12128): Elaborating entity "altsyncram" for hierarchy "RAM1:b2v_inst3|altsyncram:altsyncram_component"
Info (12130): Elaborated megafunction instantiation "RAM1:b2v_inst3|altsyncram:altsyncram_component"
Info (12133): Instantiated megafunction "RAM1:b2v_inst3|altsyncram:altsyncram_component" with the following parameter:
    Info (12134): Parameter "clock_enable_input_a" = "BYPASS"
    Info (12134): Parameter "clock_enable_output_a" = "BYPASS"
    Info (12134): Parameter "intended_device_family" = "Cyclone III"
    Info (12134): Parameter "lpm_hint" = "ENABLE_RUNTIME_MOD=NO"
    Info (12134): Parameter "lpm_type" = "altsyncram"
    Info (12134): Parameter "numwords_a" = "512"
    Info (12134): Parameter "operation_mode" = "SINGLE_PORT"
    Info (12134): Parameter "outdata_aclr_a" = "NONE"
    Info (12134): Parameter "outdata_reg_a" = "UNREGISTERED"
    Info (12134): Parameter "power_up_uninitialized" = "FALSE"
    Info (12134): Parameter "ram_block_type" = "M9K"
    Info (12134): Parameter "read_during_write_mode_port_a" = "NEW_DATA_NO_NBE_READ"
    Info (12134): Parameter "widthad_a" = "9"
    Info (12134): Parameter "width_a" = "16"
    Info (12134): Parameter "width_byteena_a" = "1"
Info (12021): Found 1 design units, including 1 entities, in source file db/altsyncram_96i1.tdf
    Info (12023): Found entity 1: altsyncram_96i1
Info (12128): Elaborating entity "altsyncram_96i1" for hierarchy "RAM1:b2v_inst3|altsyncram:altsyncram_component|altsyncram_96i1:auto_generated"
Warning (12125): Using design file registerfile_v.v, which is not specified as a design file for the current project, but contains definitions for 1 design units and 1 entities in project
    Info (12023): Found entity 1: RegisterFile_v
Info (12128): Elaborating entity "RegisterFile_v" for hierarchy "RegisterFile_v:b2v_inst4"
Info (12128): Elaborating entity "decoder" for hierarchy "RegisterFile_v:b2v_inst4|decoder:b2v_inst"
Info (12128): Elaborating entity "reg16bit" for hierarchy "RegisterFile_v:b2v_inst4|reg16bit:b2v_inst1"
Warning (10240): Verilog HDL Always Construct warning at reg16bit.v(8): inferring latch(es) for variable "out", which holds its previous value in one or more paths through the always construct
Info (10041): Inferred latch for "out[0]" at reg16bit.v(15)
Info (10041): Inferred latch for "out[1]" at reg16bit.v(15)
Info (10041): Inferred latch for "out[2]" at reg16bit.v(15)
Info (10041): Inferred latch for "out[3]" at reg16bit.v(15)
Info (10041): Inferred latch for "out[4]" at reg16bit.v(15)
Info (10041): Inferred latch for "out[5]" at reg16bit.v(15)
Info (10041): Inferred latch for "out[6]" at reg16bit.v(15)
Info (10041): Inferred latch for "out[7]" at reg16bit.v(15)
Info (10041): Inferred latch for "out[8]" at reg16bit.v(15)
Info (10041): Inferred latch for "out[9]" at reg16bit.v(15)
Info (10041): Inferred latch for "out[10]" at reg16bit.v(15)
Info (10041): Inferred latch for "out[11]" at reg16bit.v(15)
Info (10041): Inferred latch for "out[12]" at reg16bit.v(15)
Info (10041): Inferred latch for "out[13]" at reg16bit.v(15)
Info (10041): Inferred latch for "out[14]" at reg16bit.v(15)
Info (10041): Inferred latch for "out[15]" at reg16bit.v(15)
Info (12128): Elaborating entity "mux3to8" for hierarchy "RegisterFile_v:b2v_inst4|mux3to8:b2v_inst10"
Info (12128): Elaborating entity "PC" for hierarchy "PC:b2v_inst5"
Warning (10230): Verilog HDL assignment warning at PC.v(11): truncated value with size 32 to match size of target (16)
Warning (13046): Tri-state node(s) do not directly drive top-level pin(s)
    Warning (13048): Converted tri-state node "B[15]" into a selector
    Warning (13048): Converted tri-state node "B[14]" into a selector
    Warning (13048): Converted tri-state node "B[13]" into a selector
    Warning (13048): Converted tri-state node "B[12]" into a selector
    Warning (13048): Converted tri-state node "B[11]" into a selector
    Warning (13048): Converted tri-state node "B[10]" into a selector
    Warning (13048): Converted tri-state node "B[9]" into a selector
    Warning (13048): Converted tri-state node "B[8]" into a selector
    Warning (13048): Converted tri-state node "B[7]" into a selector
    Warning (13048): Converted tri-state node "B[6]" into a selector
    Warning (13048): Converted tri-state node "B[5]" into a selector
    Warning (13048): Converted tri-state node "B[4]" into a selector
    Warning (13048): Converted tri-state node "B[3]" into a selector
    Warning (13048): Converted tri-state node "B[2]" into a selector
    Warning (13048): Converted tri-state node "B[1]" into a selector
    Warning (13048): Converted tri-state node "B[0]" into a selector
    Warning (13048): Converted tri-state node "gdfx_temp0[15]" into a selector
    Warning (13048): Converted tri-state node "gdfx_temp0[14]" into a selector
    Warning (13048): Converted tri-state node "gdfx_temp0[13]" into a selector
    Warning (13048): Converted tri-state node "gdfx_temp0[12]" into a selector
    Warning (13048): Converted tri-state node "gdfx_temp0[11]" into a selector
    Warning (13048): Converted tri-state node "gdfx_temp0[10]" into a selector
    Warning (13048): Converted tri-state node "gdfx_temp0[9]" into a selector
    Warning (13048): Converted tri-state node "gdfx_temp0[8]" into a selector
    Warning (13048): Converted tri-state node "gdfx_temp0[7]" into a selector
    Warning (13048): Converted tri-state node "gdfx_temp0[6]" into a selector
    Warning (13048): Converted tri-state node "gdfx_temp0[5]" into a selector
    Warning (13048): Converted tri-state node "gdfx_temp0[4]" into a selector
    Warning (13048): Converted tri-state node "gdfx_temp0[3]" into a selector
    Warning (13048): Converted tri-state node "gdfx_temp0[2]" into a selector
    Warning (13048): Converted tri-state node "gdfx_temp0[1]" into a selector
    Warning (13048): Converted tri-state node "gdfx_temp0[0]" into a selector
Info (276014): Found 1 instances of uninferred RAM logic
    Info (276007): RAM logic "stack:b2v_inst|stack" is uninferred due to asynchronous read logic
Warning (12241): 1 hierarchies have connectivity warnings - see the Connectivity Checks report folder
Warning (13024): Output pins are stuck at VCC or GND
    Warning (13410): Pin "N" is stuck at GND
Info (286030): Timing-Driven Synthesis is running
Info (17049): 248 registers lost all their fanouts during netlist optimizations.
Info (144001): Generated suppressed messages file C:/Users/lonni/OneDrive/Documents/New-Comp-Arch-Processor/Processor.map.smsg
Info (16010): Generating hard_block partition "hard_block:auto_generated_inst"
    Info (16011): Adding 0 node(s), including 0 DDIO, 0 PLL, 0 transceiver and 0 LCELL
Warning (21074): Design contains 1 input pin(s) that do not drive logic
    Warning (15610): No output dependent on input pin "IR_L"
Info (21057): Implemented 7928 device resources after synthesis - the final resource count might be different
    Info (21058): Implemented 46 input pins
    Info (21059): Implemented 131 output pins
    Info (21061): Implemented 7735 logic cells
    Info (21064): Implemented 16 RAM segments
Info: Quartus II 64-Bit Analysis & Synthesis was successful. 0 errors, 48 warnings
    Info: Peak virtual memory: 602 megabytes
    Info: Processing ended: Mon Mar 27 22:23:22 2017
    Info: Elapsed time: 00:00:22
    Info: Total CPU time (on all processors): 00:00:20


+------------------------------------------+
; Analysis & Synthesis Suppressed Messages ;
+------------------------------------------+
The suppressed messages can be found in C:/Users/lonni/OneDrive/Documents/New-Comp-Arch-Processor/Processor.map.smsg.


