------------------------------------------------------------
TimeQuest Timing Analyzer Summary
------------------------------------------------------------

Type  : Slow 1200mV 85C Model Setup 'GPIO_Board:inst3|input_from_switches[0]'
Slack : -9.029
TNS   : -958.414

Type  : Slow 1200mV 85C Model Setup 'GPIO_Board:inst3|count[6]'
Slack : -2.860
TNS   : -36.264

Type  : Slow 1200mV 85C Model Setup 'clock_50'
Slack : -1.438
TNS   : -15.430

Type  : Slow 1200mV 85C Model Hold 'clock_50'
Slack : -1.090
TNS   : -6.450

Type  : Slow 1200mV 85C Model Hold 'GPIO_Board:inst3|input_from_switches[0]'
Slack : 1.677
TNS   : 0.000

Type  : Slow 1200mV 85C Model Hold 'GPIO_Board:inst3|count[6]'
Slack : 1.683
TNS   : 0.000

Type  : Slow 1200mV 85C Model Recovery 'GPIO_Board:inst3|input_from_switches[0]'
Slack : -2.459
TNS   : -196.352

Type  : Slow 1200mV 85C Model Removal 'GPIO_Board:inst3|input_from_switches[0]'
Slack : 0.493
TNS   : 0.000

Type  : Slow 1200mV 85C Model Minimum Pulse Width 'clock_50'
Slack : -3.000
TNS   : -20.000

Type  : Slow 1200mV 85C Model Minimum Pulse Width 'GPIO_Board:inst3|count[6]'
Slack : -1.000
TNS   : -17.000

Type  : Slow 1200mV 85C Model Minimum Pulse Width 'GPIO_Board:inst3|input_from_switches[0]'
Slack : 0.275
TNS   : 0.000

Type  : Slow 1200mV 0C Model Setup 'GPIO_Board:inst3|input_from_switches[0]'
Slack : -8.118
TNS   : -862.831

Type  : Slow 1200mV 0C Model Setup 'GPIO_Board:inst3|count[6]'
Slack : -2.524
TNS   : -32.033

Type  : Slow 1200mV 0C Model Setup 'clock_50'
Slack : -1.164
TNS   : -11.920

Type  : Slow 1200mV 0C Model Hold 'clock_50'
Slack : -1.018
TNS   : -6.393

Type  : Slow 1200mV 0C Model Hold 'GPIO_Board:inst3|count[6]'
Slack : 1.541
TNS   : 0.000

Type  : Slow 1200mV 0C Model Hold 'GPIO_Board:inst3|input_from_switches[0]'
Slack : 1.597
TNS   : 0.000

Type  : Slow 1200mV 0C Model Recovery 'GPIO_Board:inst3|input_from_switches[0]'
Slack : -2.261
TNS   : -177.522

Type  : Slow 1200mV 0C Model Removal 'GPIO_Board:inst3|input_from_switches[0]'
Slack : 0.560
TNS   : 0.000

Type  : Slow 1200mV 0C Model Minimum Pulse Width 'clock_50'
Slack : -3.000
TNS   : -20.000

Type  : Slow 1200mV 0C Model Minimum Pulse Width 'GPIO_Board:inst3|count[6]'
Slack : -1.000
TNS   : -17.000

Type  : Slow 1200mV 0C Model Minimum Pulse Width 'GPIO_Board:inst3|input_from_switches[0]'
Slack : 0.347
TNS   : 0.000

Type  : Fast 1200mV 0C Model Setup 'GPIO_Board:inst3|input_from_switches[0]'
Slack : -4.902
TNS   : -512.340

Type  : Fast 1200mV 0C Model Setup 'GPIO_Board:inst3|count[6]'
Slack : -1.204
TNS   : -13.189

Type  : Fast 1200mV 0C Model Setup 'clock_50'
Slack : -0.358
TNS   : -2.083

Type  : Fast 1200mV 0C Model Hold 'clock_50'
Slack : -0.681
TNS   : -4.366

Type  : Fast 1200mV 0C Model Hold 'GPIO_Board:inst3|input_from_switches[0]'
Slack : 0.909
TNS   : 0.000

Type  : Fast 1200mV 0C Model Hold 'GPIO_Board:inst3|count[6]'
Slack : 0.919
TNS   : 0.000

Type  : Fast 1200mV 0C Model Recovery 'GPIO_Board:inst3|input_from_switches[0]'
Slack : -1.200
TNS   : -80.828

Type  : Fast 1200mV 0C Model Removal 'GPIO_Board:inst3|input_from_switches[0]'
Slack : 0.412
TNS   : 0.000

Type  : Fast 1200mV 0C Model Minimum Pulse Width 'clock_50'
Slack : -3.000
TNS   : -20.985

Type  : Fast 1200mV 0C Model Minimum Pulse Width 'GPIO_Board:inst3|count[6]'
Slack : -1.000
TNS   : -17.000

Type  : Fast 1200mV 0C Model Minimum Pulse Width 'GPIO_Board:inst3|input_from_switches[0]'
Slack : 0.297
TNS   : 0.000

------------------------------------------------------------
